Component: ARM Compiler 5.06 update 5 (build 528) Tool: armlink [4d35e2]

==============================================================================

Section Cross References

    startup_stm32f103xb.o(RESET) refers to startup_stm32f103xb.o(STACK) for __initial_sp
    startup_stm32f103xb.o(RESET) refers to startup_stm32f103xb.o(.text) for Reset_Handler
    startup_stm32f103xb.o(RESET) refers to stm32f1xx_it.o(i.NMI_Handler) for NMI_Handler
    startup_stm32f103xb.o(RESET) refers to stm32f1xx_it.o(i.HardFault_Handler) for HardFault_Handler
    startup_stm32f103xb.o(RESET) refers to stm32f1xx_it.o(i.MemManage_Handler) for MemManage_Handler
    startup_stm32f103xb.o(RESET) refers to stm32f1xx_it.o(i.BusFault_Handler) for BusFault_Handler
    startup_stm32f103xb.o(RESET) refers to stm32f1xx_it.o(i.UsageFault_Handler) for UsageFault_Handler
    startup_stm32f103xb.o(RESET) refers to stm32f1xx_it.o(i.SVC_Handler) for SVC_Handler
    startup_stm32f103xb.o(RESET) refers to stm32f1xx_it.o(i.DebugMon_Handler) for DebugMon_Handler
    startup_stm32f103xb.o(RESET) refers to stm32f1xx_it.o(i.PendSV_Handler) for PendSV_Handler
    startup_stm32f103xb.o(RESET) refers to stm32f1xx_it.o(i.SysTick_Handler) for SysTick_Handler
    startup_stm32f103xb.o(RESET) refers to stm32f1xx_it.o(i.DMA1_Channel6_IRQHandler) for DMA1_Channel6_IRQHandler
    startup_stm32f103xb.o(RESET) refers to stm32f1xx_it.o(i.DMA1_Channel7_IRQHandler) for DMA1_Channel7_IRQHandler
    startup_stm32f103xb.o(RESET) refers to stm32f1xx_it.o(i.TIM1_UP_IRQHandler) for TIM1_UP_IRQHandler
    startup_stm32f103xb.o(RESET) refers to stm32f1xx_it.o(i.TIM2_IRQHandler) for TIM2_IRQHandler
    startup_stm32f103xb.o(RESET) refers to stm32f1xx_it.o(i.TIM3_IRQHandler) for TIM3_IRQHandler
    startup_stm32f103xb.o(RESET) refers to stm32f1xx_it.o(i.USART2_IRQHandler) for USART2_IRQHandler
    startup_stm32f103xb.o(.text) refers to system_stm32f1xx.o(i.SystemInit) for SystemInit
    startup_stm32f103xb.o(.text) refers to entry.o(.ARM.Collect$$$$00000000) for __main
    main.o(i.SystemClock_Config) refers to memseta.o(.text) for __aeabi_memclr4
    main.o(i.SystemClock_Config) refers to stm32f1xx_hal_rcc.o(i.HAL_RCC_OscConfig) for HAL_RCC_OscConfig
    main.o(i.SystemClock_Config) refers to main.o(i.Error_Handler) for Error_Handler
    main.o(i.SystemClock_Config) refers to stm32f1xx_hal_rcc.o(i.HAL_RCC_ClockConfig) for HAL_RCC_ClockConfig
    main.o(i.main) refers to stm32f1xx_hal.o(i.HAL_Init) for HAL_Init
    main.o(i.main) refers to main.o(i.SystemClock_Config) for SystemClock_Config
    main.o(i.main) refers to gpio.o(i.MX_GPIO_Init) for MX_GPIO_Init
    main.o(i.main) refers to dma.o(i.MX_DMA_Init) for MX_DMA_Init
    main.o(i.main) refers to tim.o(i.MX_TIM1_Init) for MX_TIM1_Init
    main.o(i.main) refers to tim.o(i.MX_TIM2_Init) for MX_TIM2_Init
    main.o(i.main) refers to tim.o(i.MX_TIM3_Init) for MX_TIM3_Init
    main.o(i.main) refers to i2c.o(i.MX_I2C1_Init) for MX_I2C1_Init
    main.o(i.main) refers to usart.o(i.MX_USART2_UART_Init) for MX_USART2_UART_Init
    main.o(i.main) refers to pid.o(i.PID2_Init) for PID2_Init
    main.o(i.main) refers to pid.o(i.PID1_Init) for PID1_Init
    main.o(i.main) refers to tb6612.o(i.Motor_Init) for Motor_Init
    main.o(i.main) refers to oled.o(i.OLED_Init) for OLED_Init
    main.o(i.main) refers to tb6612.o(i.MOtor_SetState) for MOtor_SetState
    main.o(i.main) refers to ffixui.o(.text) for __aeabi_f2uiz
    main.o(i.main) refers to oled.o(i.OLED_Display_Num) for OLED_Display_Num
    main.o(i.main) refers to cfcmple.o(.text) for __aeabi_cfcmpeq
    main.o(i.main) refers to fadd.o(.text) for __aeabi_fadd
    main.o(i.main) refers to stm32f1xx_hal.o(i.HAL_Delay) for HAL_Delay
    main.o(i.main) refers to pid.o(.bss) for Pid1Speed
    main.o(i.main) refers to tb6612.o(.bss) for Encoder1
    gpio.o(i.MX_GPIO_Init) refers to stm32f1xx_hal_gpio.o(i.HAL_GPIO_WritePin) for HAL_GPIO_WritePin
    gpio.o(i.MX_GPIO_Init) refers to stm32f1xx_hal_gpio.o(i.HAL_GPIO_Init) for HAL_GPIO_Init
    dma.o(i.MX_DMA_Init) refers to stm32f1xx_hal_cortex.o(i.HAL_NVIC_SetPriority) for HAL_NVIC_SetPriority
    dma.o(i.MX_DMA_Init) refers to stm32f1xx_hal_cortex.o(i.HAL_NVIC_EnableIRQ) for HAL_NVIC_EnableIRQ
    i2c.o(i.HAL_I2C_MspDeInit) refers to stm32f1xx_hal_gpio.o(i.HAL_GPIO_DeInit) for HAL_GPIO_DeInit
    i2c.o(i.HAL_I2C_MspInit) refers to stm32f1xx_hal_gpio.o(i.HAL_GPIO_Init) for HAL_GPIO_Init
    i2c.o(i.MX_I2C1_Init) refers to stm32f1xx_hal_i2c.o(i.HAL_I2C_Init) for HAL_I2C_Init
    i2c.o(i.MX_I2C1_Init) refers to main.o(i.Error_Handler) for Error_Handler
    i2c.o(i.MX_I2C1_Init) refers to i2c.o(.bss) for hi2c1
    tim.o(i.HAL_TIM_Base_MspDeInit) refers to stm32f1xx_hal_cortex.o(i.HAL_NVIC_DisableIRQ) for HAL_NVIC_DisableIRQ
    tim.o(i.HAL_TIM_Base_MspInit) refers to stm32f1xx_hal_cortex.o(i.HAL_NVIC_SetPriority) for HAL_NVIC_SetPriority
[...]
    Removing stm32f1xx_hal_uart.o(i.UART_DMARxAbortCallback), (56 bytes).
    Removing stm32f1xx_hal_uart.o(i.UART_DMARxOnlyAbortCallback), (28 bytes).
    Removing stm32f1xx_hal_uart.o(i.UART_DMATransmitCplt), (88 bytes).
    Removing stm32f1xx_hal_uart.o(i.UART_DMATxAbortCallback), (56 bytes).
    Removing stm32f1xx_hal_uart.o(i.UART_DMATxHalfCplt), (14 bytes).
    Removing stm32f1xx_hal_uart.o(i.UART_DMATxOnlyAbortCallback), (24 bytes).
    Removing stm32f1xx_hal_uart.o(i.UART_Start_Receive_IT), (64 bytes).
    Removing system_stm32f1xx.o(.rev16_text), (4 bytes).
    Removing system_stm32f1xx.o(.revsh_text), (4 bytes).
    Removing system_stm32f1xx.o(.rrx_text), (6 bytes).
    Removing system_stm32f1xx.o(i.SystemCoreClockUpdate), (164 bytes).
    Removing oled.o(.rev16_text), (4 bytes).
    Removing oled.o(.revsh_text), (4 bytes).
    Removing oled.o(.rrx_text), (6 bytes).
    Removing oled.o(i.OLED_Display_Buffer), (44 bytes).
    Removing oled.o(i.OLED_Display_light), (68 bytes).
    Removing tb6612.o(.rev16_text), (4 bytes).
    Removing tb6612.o(.revsh_text), (4 bytes).
    Removing tb6612.o(.rrx_text), (6 bytes).
    Removing tb6612.o(i.speed_low_Filter), (80 bytes).
    Removing ascii_8x16.o(.rev16_text), (4 bytes).
    Removing ascii_8x16.o(.revsh_text), (4 bytes).
    Removing ascii_8x16.o(.rrx_text), (6 bytes).
    Removing pid.o(.rev16_text), (4 bytes).
    Removing pid.o(.revsh_text), (4 bytes).
    Removing pid.o(.rrx_text), (6 bytes).
    Removing pid.o(i.PID1_Conctrl), (184 bytes).
    Removing pid.o(i.PID2_Conctrl), (156 bytes).
    Removing delay.o(.rev16_text), (4 bytes).
    Removing delay.o(.revsh_text), (4 bytes).
    Removing delay.o(.rrx_text), (6 bytes).
    Removing delay.o(i.delay_ms), (26 bytes).
    Removing delay.o(i.delay_s), (26 bytes).
    Removing delay.o(i.delay_us), (46 bytes).

467 unused section(s) (total 47872 bytes) removed from the image.

==============================================================================

Image Symbol Table

    Local Symbols

    Symbol Name                              Value     Ov Type        Size  Object(Section)

    ../Core/Src/dma.c                        0x00000000   Number         0  dma.o ABSOLUTE
    ../Core/Src/gpio.c                       0x00000000   Number         0  gpio.o ABSOLUTE
    ../Core/Src/i2c.c                        0x00000000   Number         0  i2c.o ABSOLUTE
    ../Core/Src/main.c                       0x00000000   Number         0  main.o ABSOLUTE
    ../Core/Src/stm32f1xx_hal_msp.c          0x00000000   Number         0  stm32f1xx_hal_msp.o ABSOLUTE
    ../Core/Src/stm32f1xx_it.c               0x00000000   Number         0  stm32f1xx_it.o ABSOLUTE
    ../Core/Src/system_stm32f1xx.c           0x00000000   Number         0  system_stm32f1xx.o ABSOLUTE
    ../Core/Src/tim.c                        0x00000000   Number         0  tim.o ABSOLUTE
    ../Core/Src/usart.c                      0x00000000   Number         0  usart.o ABSOLUTE
    ../Drivers/STM32F1xx_HAL_Driver/Src/stm32f1xx_hal.c 0x00000000   Number         0  stm32f1xx_hal.o ABSOLUTE
    ../Drivers/STM32F1xx_HAL_Driver/Src/stm32f1xx_hal_cortex.c 0x00000000   Number         0  stm32f1xx_hal_cortex.o ABSOLUTE
    ../Drivers/STM32F1xx_HAL_Driver/Src/stm32f1xx_hal_dma.c 0x00000000   Number         0  stm32f1xx_hal_dma.o ABSOLUTE
    ../Drivers/STM32F1xx_HAL_Driver/Src/stm32f1xx_hal_exti.c 0x00000000   Number         0  stm32f1xx_hal_exti.o ABSOLUTE
    ../Drivers/STM32F1xx_HAL_Driver/Src/stm32f1xx_hal_flash.c 0x00000000   Number         0  stm32f1xx_hal_flash.o ABSOLUTE
    ../Drivers/STM32F1xx_HAL_Driver/Src/stm32f1xx_hal_flash_ex.c 0x00000000   Number         0  stm32f1xx_hal_flash_ex.o ABSOLUTE
    ../Drivers/STM32F1xx_HAL_Driver/Src/stm32f1xx_hal_gpio.c 0x00000000   Number         0  stm32f1xx_hal_gpio.o ABSOLUTE
    ../Drivers/STM32F1xx_HAL_Driver/Src/stm32f1xx_hal_gpio_ex.c 0x00000000   Number         0  stm32f1xx_hal_gpio_ex.o ABSOLUTE
    ../Drivers/STM32F1xx_HAL_Driver/Src/stm32f1xx_hal_i2c.c 0x00000000   Number         0  stm32f1xx_hal_i2c.o ABSOLUTE
    ../Drivers/STM32F1xx_HAL_Driver/Src/stm32f1xx_hal_pwr.c 0x00000000   Number         0  stm32f1xx_hal_pwr.o ABSOLUTE
    ../Drivers/STM32F1xx_HAL_Driver/Src/stm32f1xx_hal_rcc.c 0x00000000   Number         0  stm32f1xx_hal_rcc.o ABSOLUTE
    ../Drivers/STM32F1xx_HAL_Driver/Src/stm32f1xx_hal_rcc_ex.c 0x00000000   Number         0  stm32f1xx_hal_rcc_ex.o ABSOLUTE
    ../Drivers/STM32F1xx_HAL_Driver/Src/stm32f1xx_hal_tim.c 0x00000000   Number         0  stm32f1xx_hal_tim.o ABSOLUTE
    ../Drivers/STM32F1xx_HAL_Driver/Src/stm32f1xx_hal_tim_ex.c 0x00000000   Number         0  stm32f1xx_hal_tim_ex.o ABSOLUTE
    ../Drivers/STM32F1xx_HAL_Driver/Src/stm32f1xx_hal_uart.c 0x00000000   Number         0  stm32f1xx_hal_uart.o ABSOLUTE
    ../clib/microlib/division.c              0x00000000   Number         0  uidiv.o ABSOLUTE
    ../clib/microlib/division.c              0x00000000   Number         0  uldiv.o ABSOLUTE
    ../clib/microlib/init/entry.s            0x00000000   Number         0  entry2.o ABSOLUTE
    ../clib/microlib/init/entry.s            0x00000000   Number         0  entry8b.o ABSOLUTE
    ../clib/microlib/init/entry.s            0x00000000   Number         0  entry7b.o ABSOLUTE
    ../clib/microlib/init/entry.s            0x00000000   Number         0  entry9a.o ABSOLUTE
    ../clib/microlib/init/entry.s            0x00000000   Number         0  entry9b.o ABSOLUTE
    ../clib/microlib/init/entry.s            0x00000000   Number         0  entry10a.o ABSOLUTE
    ../clib/microlib/init/entry.s            0x00000000   Number         0  entry8a.o ABSOLUTE
    ../clib/microlib/init/entry.s            0x00000000   Number         0  entry10b.o ABSOLUTE
    ../clib/microlib/init/entry.s            0x00000000   Number         0  entry7a.o ABSOLUTE
    ../clib/microlib/init/entry.s            0x00000000   Number         0  entry.o ABSOLUTE
    ../clib/microlib/init/entry.s            0x00000000   Number         0  entry11a.o ABSOLUTE
    ../clib/microlib/init/entry.s            0x00000000   Number         0  entry5.o ABSOLUTE
    ../clib/microlib/init/entry.s            0x00000000   Number         0  entry11b.o ABSOLUTE
    ../clib/microlib/longlong.c              0x00000000   Number         0  llushr.o ABSOLUTE
    ../clib/microlib/longlong.c              0x00000000   Number         0  llshl.o ABSOLUTE
    ../clib/microlib/longlong.c              0x00000000   Number         0  llsshr.o ABSOLUTE
    ../clib/microlib/printf/printf.c         0x00000000   Number         0  printf3.o ABSOLUTE
    ../clib/microlib/printf/printf.c         0x00000000   Number         0  printf2.o ABSOLUTE
    ../clib/microlib/printf/printf.c         0x00000000   Number         0  printf1.o ABSOLUTE
    ../clib/microlib/printf/printf.c         0x00000000   Number         0  printf0.o ABSOLUTE
    ../clib/microlib/printf/printf.c         0x00000000   Number         0  printfb.o ABSOLUTE
    ../clib/microlib/printf/printf.c         0x00000000   Number         0  printfa.o ABSOLUTE
    ../clib/microlib/printf/printf.c         0x00000000   Number         0  printf8.o ABSOLUTE
    ../clib/microlib/printf/printf.c         0x00000000   Number         0  printf7.o ABSOLUTE
    ../clib/microlib/printf/printf.c         0x00000000   Number         0  printf6.o ABSOLUTE
    ../clib/microlib/printf/printf.c         0x00000000   Number         0  printf5.o ABSOLUTE
    ../clib/microlib/printf/printf.c         0x00000000   Number         0  printf4.o ABSOLUTE
    ../clib/microlib/printf/stubs.s          0x00000000   Number         0  stubs.o ABSOLUTE
    ../clib/microlib/stdio/streams.c         0x00000000   Number         0  stdout.o ABSOLUTE
    ../clib/microlib/string/memcpy.c         0x00000000   Number         0  memcpyb.o ABSOLUTE
    ../clib/microlib/string/memcpy.c         0x00000000   Number         0  memcpya.o ABSOLUTE
    ../clib/microlib/string/memset.c         0x00000000   Number         0  memseta.o ABSOLUTE
    ../clib/microlib/stubs.s                 0x00000000   Number         0  iusefp.o ABSOLUTE
    ../fplib/microlib/f2d.c                  0x00000000   Number         0  f2d.o ABSOLUTE
    ../fplib/microlib/fpadd.c                0x00000000   Number         0  dadd.o ABSOLUTE
    ../fplib/microlib/fpadd.c                0x00000000   Number         0  fadd.o ABSOLUTE
    ../fplib/microlib/fpdiv.c                0x00000000   Number         0  fdiv.o ABSOLUTE
    ../fplib/microlib/fpdiv.c                0x00000000   Number         0  ddiv.o ABSOLUTE
    ../fplib/microlib/fpepilogue.c           0x00000000   Number         0  fepilogue.o ABSOLUTE
    ../fplib/microlib/fpepilogue.c           0x00000000   Number         0  depilogue.o ABSOLUTE
    ../fplib/microlib/fpfix.c                0x00000000   Number         0  ffixui.o ABSOLUTE
    ../fplib/microlib/fpfix.c                0x00000000   Number         0  dfixul.o ABSOLUTE
    ../fplib/microlib/fpflt.c                0x00000000   Number         0  fflti.o ABSOLUTE
    ../fplib/microlib/fpmul.c                0x00000000   Number         0  fmul.o ABSOLUTE
    ../fplib/microlib/fpmul.c                0x00000000   Number         0  dmul.o ABSOLUTE
    ..\Core\Src\dma.c                        0x00000000   Number         0  dma.o ABSOLUTE
    ..\Core\Src\gpio.c                       0x00000000   Number         0  gpio.o ABSOLUTE
    ..\Core\Src\i2c.c                        0x00000000   Number         0  i2c.o ABSOLUTE
    ..\Core\Src\main.c                       0x00000000   Number         0  main.o ABSOLUTE
    ..\Core\Src\stm32f1xx_hal_msp.c          0x00000000   Number         0  stm32f1xx_hal_msp.o ABSOLUTE
    ..\Core\Src\stm32f1xx_it.c               0x00000000   Number         0  stm32f1xx_it.o ABSOLUTE
    ..\Core\Src\system_stm32f1xx.c           0x00000000   Number         0  system_stm32f1xx.o ABSOLUTE
    ..\Core\Src\tim.c                        0x00000000   Number         0  tim.o ABSOLUTE
    ..\Core\Src\usart.c                      0x00000000   Number         0  usart.o ABSOLUTE
    ..\Drivers\STM32F1xx_HAL_Driver\Src\stm32f1xx_hal.c 0x00000000   Number         0  stm32f1xx_hal.o ABSOLUTE
    ..\Drivers\STM32F1xx_HAL_Driver\Src\stm32f1xx_hal_cortex.c 0x00000000   Number         0  stm32f1xx_hal_cortex.o ABSOLUTE
    ..\Drivers\STM32F1xx_HAL_Driver\Src\stm32f1xx_hal_dma.c 0x00000000   Number         0  stm32f1xx_hal_dma.o ABSOLUTE
    ..\Drivers\STM32F1xx_HAL_Driver\Src\stm32f1xx_hal_exti.c 0x00000000   Number         0  stm32f1xx_hal_exti.o ABSOLUTE
    ..\Drivers\STM32F1xx_HAL_Driver\Src\stm32f1xx_hal_flash.c 0x00000000   Number         0  stm32f1xx_hal_flash.o ABSOLUTE
    ..\Drivers\STM32F1xx_HAL_Driver\Src\stm32f1xx_hal_flash_ex.c 0x00000000   Number         0  stm32f1xx_hal_flash_ex.o ABSOLUTE
    ..\Drivers\STM32F1xx_HAL_Driver\Src\stm32f1xx_hal_gpio.c 0x00000000   Number         0  stm32f1xx_hal_gpio.o ABSOLUTE
    ..\Drivers\STM32F1xx_HAL_Driver\Src\stm32f1xx_hal_gpio_ex.c 0x00000000   Number         0  stm32f1xx_hal_gpio_ex.o ABSOLUTE
    ..\Drivers\STM32F1xx_HAL_Driver\Src\stm32f1xx_hal_i2c.c 0x00000000   Number         0  stm32f1xx_hal_i2c.o ABSOLUTE
    ..\Drivers\STM32F1xx_HAL_Driver\Src\stm32f1xx_hal_pwr.c 0x00000000   Number         0  stm32f1xx_hal_pwr.o ABSOLUTE
    ..\Drivers\STM32F1xx_HAL_Driver\Src\stm32f1xx_hal_rcc.c 0x00000000   Number         0  stm32f1xx_hal_rcc.o ABSOLUTE
    ..\Drivers\STM32F1xx_HAL_Driver\Src\stm32f1xx_hal_rcc_ex.c 0x00000000   Number         0  stm32f1xx_hal_rcc_ex.o ABSOLUTE
    ..\Drivers\STM32F1xx_HAL_Driver\Src\stm32f1xx_hal_tim.c 0x00000000   Number         0  stm32f1xx_hal_tim.o ABSOLUTE
    ..\Drivers\STM32F1xx_HAL_Driver\Src\stm32f1xx_hal_tim_ex.c 0x00000000   Number         0  stm32f1xx_hal_tim_ex.o ABSOLUTE
    ..\Drivers\STM32F1xx_HAL_Driver\Src\stm32f1xx_hal_uart.c 0x00000000   Number         0  stm32f1xx_hal_uart.o ABSOLUTE
    ..\\bsp\\ASCII_8x16.c                    0x00000000   Number         0  ascii_8x16.o ABSOLUTE
    ..\\bsp\\TB6612.c                        0x00000000   Number         0  tb6612.o ABSOLUTE
    ..\\bsp\\delay.c                         0x00000000   Number         0  delay.o ABSOLUTE
    ..\\bsp\\oled.c                          0x00000000   Number         0  oled.o ABSOLUTE
    ..\\bsp\\pid.c                           0x00000000   Number         0  pid.o ABSOLUTE
    ..\bsp\ASCII_8x16.c                      0x00000000   Number         0  ascii_8x16.o ABSOLUTE
    ..\bsp\TB6612.c                          0x00000000   Number         0  tb6612.o ABSOLUTE
    ..\bsp\delay.c                           0x00000000   Number         0  delay.o ABSOLUTE
    ..\bsp\oled.c                            0x00000000   Number         0  oled.o ABSOLUTE
    ..\bsp\pid.c                             0x00000000   Number         0  pid.o ABSOLUTE
    cdrcmple.s                               0x00000000   Number         0  cdrcmple.o ABSOLUTE
    cfcmple.s                                0x00000000   Number         0  cfcmple.o ABSOLUTE
    cfrcmple.s                               0x00000000   Number         0  cfrcmple.o ABSOLUTE
    dc.s                                     0x00000000   Number         0  dc.o ABSOLUTE
    handlers.s                               0x00000000   Number         0  handlers.o ABSOLUTE
    init.s                                   0x00000000   Number         0  init.o ABSOLUTE
    startup_stm32f103xb.s                    0x00000000   Number         0  startup_stm32f103xb.o ABSOLUTE
    RESET                                    0x08000000   Section      236  startup_stm32f103xb.o(RESET)
    .ARM.Collect$$$$00000000                 0x080000ec   Section        0  entry.o(.ARM.Collect$$$$00000000)
    .ARM.Collect$$$$00000001                 0x080000ec   Section        4  entry2.o(.ARM.Collect$$$$00000001)
    .ARM.Collect$$$$00000004                 0x080000f0   Section        4  entry5.o(.ARM.Collect$$$$00000004)
    .ARM.Collect$$$$00000008                 0x080000f4   Section        0  entry7b.o(.ARM.Collect$$$$00000008)
    .ARM.Collect$$$$0000000A                 0x080000f4   Section        0  entry8b.o(.ARM.Collect$$$$0000000A)
    .ARM.Collect$$$$0000000B                 0x080000f4   Section        8  entry9a.o(.ARM.Collect$$$$0000000B)
    .ARM.Collect$$$$0000000D                 0x080000fc   Section        0  entry10a.o(.ARM.Collect$$$$0000000D)
    .ARM.Collect$$$$0000000F                 0x080000fc   Section        0  entry11a.o(.ARM.Collect$$$$0000000F)
    .ARM.Collect$$$$00002712                 0x080000fc   Section        4  entry2.o(.ARM.Collect$$$$00002712)
    __lit__00000000                          0x080000fc   Data           4  entry2.o(.ARM.Collect$$$$00002712)
    .text                                    0x08000100   Section       36  startup_stm32f103xb.o(.text)
    .text                                    0x08000124   Section        0  llushr.o(.text)
    .text                                    0x08000144   Section        0  memcpya.o(.text)
    .text                                    0x08000168   Section        0  memseta.o(.text)
    .text                                    0x0800018c   Section        0  fadd.o(.text)
    .text                                    0x0800023c   Section        0  fmul.o(.text)
    .text                                    0x080002a0   Section        0  fdiv.o(.text)
    .text                                    0x0800031c   Section        0  fflti.o(.text)
    .text                                    0x0800032e   Section        0  ffixui.o(.text)
    .text                                    0x08000356   Section        0  f2d.o(.text)
    .text                                    0x0800037c   Section       20  cfcmple.o(.text)
    .text                                    0x08000390   Section       20  cfrcmple.o(.text)
    .text                                    0x080003a4   Section        0  uidiv.o(.text)
    .text                                    0x080003d0   Section        0  uldiv.o(.text)
    .text                                    0x08000432   Section        0  fepilogue.o(.text)
    .text                                    0x08000432   Section        0  iusefp.o(.text)
    .text                                    0x080004a0   Section        0  dadd.o(.text)
    .text                                    0x080005ee   Section        0  dmul.o(.text)
    .text                                    0x080006d2   Section        0  ddiv.o(.text)
    .text                                    0x080007b0   Section        0  dfixul.o(.text)
    .text                                    0x080007e0   Section       48  cdrcmple.o(.text)
    .text                                    0x08000810   Section       36  init.o(.text)
    .text                                    0x08000834   Section        0  llshl.o(.text)
    .text                                    0x08000852   Section        0  llsshr.o(.text)
    .text                                    0x08000876   Section        0  depilogue.o(.text)
    i.BusFault_Handler                       0x08000930   Section        0  stm32f1xx_it.o(i.BusFault_Handler)
    i.DMA1_Channel6_IRQHandler               0x08000934   Section        0  stm32f1xx_it.o(i.DMA1_Channel6_IRQHandler)
    i.DMA1_Channel7_IRQHandler               0x08000944   Section        0  stm32f1xx_it.o(i.DMA1_Channel7_IRQHandler)
    i.DMA_SetConfig                          0x08000954   Section        0  stm32f1xx_hal_dma.o(i.DMA_SetConfig)
    DMA_SetConfig                            0x08000955   Thumb Code    44  stm32f1xx_hal_dma.o(i.DMA_SetConfig)
    i.DebugMon_Handler                       0x08000980   Section        0  stm32f1xx_it.o(i.DebugMon_Handler)
    i.Error_Handler                          0x08000982   Section        0  main.o(i.Error_Handler)
    i.HAL_DMA_Abort                          0x08000988   Section        0  stm32f1xx_hal_dma.o(i.HAL_DMA_Abort)
    i.HAL_DMA_Abort_IT                       0x080009e0   Section        0  stm32f1xx_hal_dma.o(i.HAL_DMA_Abort_IT)
    i.HAL_DMA_IRQHandler                     0x08000a90   Section        0  stm32f1xx_hal_dma.o(i.HAL_DMA_IRQHandler)
    i.HAL_DMA_Init                           0x08000c2c   Section        0  stm32f1xx_hal_dma.o(i.HAL_DMA_Init)
    i.HAL_DMA_Start_IT                       0x08000c94   Section        0  stm32f1xx_hal_dma.o(i.HAL_DMA_Start_IT)
    i.HAL_Delay                              0x08000d30   Section        0  stm32f1xx_hal.o(i.HAL_Delay)
    i.HAL_GPIO_Init                          0x08000d58   Section        0  stm32f1xx_hal_gpio.o(i.HAL_GPIO_Init)
    i.HAL_GPIO_WritePin                      0x08001078   Section        0  stm32f1xx_hal_gpio.o(i.HAL_GPIO_WritePin)
    i.HAL_GetTick                            0x08001084   Section        0  stm32f1xx_hal.o(i.HAL_GetTick)
    i.HAL_I2C_Init                           0x08001090   Section        0  stm32f1xx_hal_i2c.o(i.HAL_I2C_Init)
    i.HAL_I2C_Mem_Write                      0x08001260   Section        0  stm32f1xx_hal_i2c.o(i.HAL_I2C_Mem_Write)
    i.HAL_I2C_MspInit                        0x080013c4   Section        0  i2c.o(i.HAL_I2C_MspInit)
    i.HAL_IncTick                            0x08001438   Section        0  stm32f1xx_hal.o(i.HAL_IncTick)
    i.HAL_Init                               0x08001450   Section        0  stm32f1xx_hal.o(i.HAL_Init)
    i.HAL_InitTick                           0x08001478   Section        0  stm32f1xx_hal.o(i.HAL_InitTick)
    i.HAL_MspInit                            0x080014c4   Section        0  stm32f1xx_hal_msp.o(i.HAL_MspInit)
    i.HAL_NVIC_EnableIRQ                     0x08001504   Section        0  stm32f1xx_hal_cortex.o(i.HAL_NVIC_EnableIRQ)
    i.HAL_NVIC_SetPriority                   0x08001524   Section        0  stm32f1xx_hal_cortex.o(i.HAL_NVIC_SetPriority)
    i.HAL_NVIC_SetPriorityGrouping           0x080015a0   Section        0  stm32f1xx_hal_cortex.o(i.HAL_NVIC_SetPriorityGrouping)
    i.HAL_RCC_ClockConfig                    0x080015c8   Section        0  stm32f1xx_hal_rcc.o(i.HAL_RCC_ClockConfig)
    i.HAL_RCC_GetHCLKFreq                    0x08001754   Section        0  stm32f1xx_hal_rcc.o(i.HAL_RCC_GetHCLKFreq)
    i.HAL_RCC_GetPCLK1Freq                   0x08001760   Section        0  stm32f1xx_hal_rcc.o(i.HAL_RCC_GetPCLK1Freq)
    i.HAL_RCC_GetPCLK2Freq                   0x08001780   Section        0  stm32f1xx_hal_rcc.o(i.HAL_RCC_GetPCLK2Freq)
    i.HAL_RCC_GetSysClockFreq                0x080017a0   Section        0  stm32f1xx_hal_rcc.o(i.HAL_RCC_GetSysClockFreq)
    i.HAL_RCC_OscConfig                      0x08001810   Section        0  stm32f1xx_hal_rcc.o(i.HAL_RCC_OscConfig)
    i.HAL_SYSTICK_Config                     0x08001c74   Section        0  stm32f1xx_hal_cortex.o(i.HAL_SYSTICK_Config)
    i.HAL_TIMEx_BreakCallback                0x08001ca8   Section        0  stm32f1xx_hal_tim_ex.o(i.HAL_TIMEx_BreakCallback)
    i.HAL_TIMEx_CommutCallback               0x08001caa   Section        0  stm32f1xx_hal_tim_ex.o(i.HAL_TIMEx_CommutCallback)
    i.HAL_TIMEx_ConfigBreakDeadTime          0x08001cac   Section        0  stm32f1xx_hal_tim_ex.o(i.HAL_TIMEx_ConfigBreakDeadTime)
    i.HAL_TIMEx_MasterConfigSynchronization  0x08001d20   Section        0  stm32f1xx_hal_tim_ex.o(i.HAL_TIMEx_MasterConfigSynchronization)
    i.HAL_TIM_Base_Init                      0x08001da4   Section        0  stm32f1xx_hal_tim.o(i.HAL_TIM_Base_Init)
    i.HAL_TIM_Base_MspInit                   0x08001e0c   Section        0  tim.o(i.HAL_TIM_Base_MspInit)
    i.HAL_TIM_Base_Start_IT                  0x08001e84   Section        0  stm32f1xx_hal_tim.o(i.HAL_TIM_Base_Start_IT)
    i.HAL_TIM_ConfigClockSource              0x08001efc   Section        0  stm32f1xx_hal_tim.o(i.HAL_TIM_ConfigClockSource)
    i.HAL_TIM_Encoder_Init                   0x08002008   Section        0  stm32f1xx_hal_tim.o(i.HAL_TIM_Encoder_Init)
    i.HAL_TIM_Encoder_MspInit                0x080020cc   Section        0  tim.o(i.HAL_TIM_Encoder_MspInit)
    i.HAL_TIM_Encoder_Start                  0x08002150   Section        0  stm32f1xx_hal_tim.o(i.HAL_TIM_Encoder_Start)
    i.HAL_TIM_IC_CaptureCallback             0x0800221c   Section        0  stm32f1xx_hal_tim.o(i.HAL_TIM_IC_CaptureCallback)
    i.HAL_TIM_IRQHandler                     0x0800221e   Section        0  stm32f1xx_hal_tim.o(i.HAL_TIM_IRQHandler)
    i.HAL_TIM_MspPostInit                    0x080023b4   Section        0  tim.o(i.HAL_TIM_MspPostInit)
    i.HAL_TIM_OC_DelayElapsedCallback        0x0800240c   Section        0  stm32f1xx_hal_tim.o(i.HAL_TIM_OC_DelayElapsedCallback)
    i.HAL_TIM_PWM_ConfigChannel              0x0800240e   Section        0  stm32f1xx_hal_tim.o(i.HAL_TIM_PWM_ConfigChannel)
    i.HAL_TIM_PWM_Init                       0x08002512   Section        0  stm32f1xx_hal_tim.o(i.HAL_TIM_PWM_Init)
    i.HAL_TIM_PWM_MspInit                    0x08002578   Section        0  stm32f1xx_hal_tim.o(i.HAL_TIM_PWM_MspInit)
    i.HAL_TIM_PWM_PulseFinishedCallback      0x0800257a   Section        0  stm32f1xx_hal_tim.o(i.HAL_TIM_PWM_PulseFinishedCallback)
    i.HAL_TIM_PWM_Start                      0x0800257c   Section        0  stm32f1xx_hal_tim.o(i.HAL_TIM_PWM_Start)
    i.HAL_TIM_PeriodElapsedCallback          0x08002650   Section        0  stm32f1xx_it.o(i.HAL_TIM_PeriodElapsedCallback)
    i.HAL_TIM_TriggerCallback                0x08002750   Section        0  stm32f1xx_hal_tim.o(i.HAL_TIM_TriggerCallback)
    i.HAL_UARTEx_ReceiveToIdle_DMA           0x08002752   Section        0  stm32f1xx_hal_uart.o(i.HAL_UARTEx_ReceiveToIdle_DMA)
    i.HAL_UARTEx_RxEventCallback             0x080027c4   Section        0  stm32f1xx_it.o(i.HAL_UARTEx_RxEventCallback)
    i.HAL_UART_ErrorCallback                 0x08002904   Section        0  stm32f1xx_hal_uart.o(i.HAL_UART_ErrorCallback)
    i.HAL_UART_IRQHandler                    0x08002908   Section        0  stm32f1xx_hal_uart.o(i.HAL_UART_IRQHandler)
    i.HAL_UART_Init                          0x08002bec   Section        0  stm32f1xx_hal_uart.o(i.HAL_UART_Init)
    i.HAL_UART_MspInit                       0x08002c64   Section        0  usart.o(i.HAL_UART_MspInit)
    i.HAL_UART_RxCpltCallback                0x08002d6c   Section        0  stm32f1xx_hal_uart.o(i.HAL_UART_RxCpltCallback)
    i.HAL_UART_RxHalfCpltCallback            0x08002d6e   Section        0  stm32f1xx_hal_uart.o(i.HAL_UART_RxHalfCpltCallback)
    i.HAL_UART_Transmit                      0x08002d70   Section        0  stm32f1xx_hal_uart.o(i.HAL_UART_Transmit)
    i.HAL_UART_TxCpltCallback                0x08002e22   Section        0  stm32f1xx_hal_uart.o(i.HAL_UART_TxCpltCallback)
    i.HardFault_Handler                      0x08002e24   Section        0  stm32f1xx_it.o(i.HardFault_Handler)
    i.I2C_IsAcknowledgeFailed                0x08002e28   Section        0  stm32f1xx_hal_i2c.o(i.I2C_IsAcknowledgeFailed)
    I2C_IsAcknowledgeFailed                  0x08002e29   Thumb Code    62  stm32f1xx_hal_i2c.o(i.I2C_IsAcknowledgeFailed)
    i.I2C_RequestMemoryWrite                 0x08002e68   Section        0  stm32f1xx_hal_i2c.o(i.I2C_RequestMemoryWrite)
    I2C_RequestMemoryWrite                   0x08002e69   Thumb Code   220  stm32f1xx_hal_i2c.o(i.I2C_RequestMemoryWrite)
    i.I2C_WaitOnBTFFlagUntilTimeout          0x08002f48   Section        0  stm32f1xx_hal_i2c.o(i.I2C_WaitOnBTFFlagUntilTimeout)
    I2C_WaitOnBTFFlagUntilTimeout            0x08002f49   Thumb Code   102  stm32f1xx_hal_i2c.o(i.I2C_WaitOnBTFFlagUntilTimeout)
    i.I2C_WaitOnFlagUntilTimeout             0x08002fae   Section        0  stm32f1xx_hal_i2c.o(i.I2C_WaitOnFlagUntilTimeout)
    I2C_WaitOnFlagUntilTimeout               0x08002faf   Thumb Code   190  stm32f1xx_hal_i2c.o(i.I2C_WaitOnFlagUntilTimeout)
    i.I2C_WaitOnMasterAddressFlagUntilTimeout 0x0800306c   Section        0  stm32f1xx_hal_i2c.o(i.I2C_WaitOnMasterAddressFlagUntilTimeout)
    I2C_WaitOnMasterAddressFlagUntilTimeout  0x0800306d   Thumb Code   250  stm32f1xx_hal_i2c.o(i.I2C_WaitOnMasterAddressFlagUntilTimeout)
    i.I2C_WaitOnTXEFlagUntilTimeout          0x08003166   Section        0  stm32f1xx_hal_i2c.o(i.I2C_WaitOnTXEFlagUntilTimeout)
    I2C_WaitOnTXEFlagUntilTimeout            0x08003167   Thumb Code   102  stm32f1xx_hal_i2c.o(i.I2C_WaitOnTXEFlagUntilTimeout)
    i.MOtor_SetState                         0x080031cc   Section        0  tb6612.o(i.MOtor_SetState)
    i.MX_DMA_Init                            0x080031f0   Section        0  dma.o(i.MX_DMA_Init)
    i.MX_GPIO_Init                           0x08003234   Section        0  gpio.o(i.MX_GPIO_Init)
    i.MX_I2C1_Init                           0x0800330c   Section        0  i2c.o(i.MX_I2C1_Init)
    i.MX_TIM1_Init                           0x08003348   Section        0  tim.o(i.MX_TIM1_Init)
    i.MX_TIM2_Init                           0x08003420   Section        0  tim.o(i.MX_TIM2_Init)
    i.MX_TIM3_Init                           0x08003490   Section        0  tim.o(i.MX_TIM3_Init)
    i.MX_USART2_UART_Init                    0x0800350c   Section        0  usart.o(i.MX_USART2_UART_Init)
    i.MemManage_Handler                      0x08003564   Section        0  stm32f1xx_it.o(i.MemManage_Handler)
    i.Motor_Init                             0x08003568   Section        0  tb6612.o(i.Motor_Init)
    i.Motor_SetDir                           0x080035b8   Section        0  tb6612.o(i.Motor_SetDir)
    i.Motor_Setspeed                         0x080035f0   Section        0  tb6612.o(i.Motor_Setspeed)
    i.NMI_Handler                            0x08003644   Section        0  stm32f1xx_it.o(i.NMI_Handler)
    i.OLED_Display                           0x08003648   Section        0  oled.o(i.OLED_Display)
    i.OLED_Display_Clear                     0x0800373c   Section        0  oled.o(i.OLED_Display_Clear)
    i.OLED_Display_Num                       0x080037e4   Section        0  oled.o(i.OLED_Display_Num)
    i.OLED_Display_Off                       0x08003830   Section        0  oled.o(i.OLED_Display_Off)
    i.OLED_Display_On                        0x0800385c   Section        0  oled.o(i.OLED_Display_On)
    i.OLED_Init                              0x080038a8   Section        0  oled.o(i.OLED_Init)
    i.PID1_Init                              0x080038bc   Section        0  pid.o(i.PID1_Init)
    i.PID21_Contrl                           0x080038d4   Section        0  pid.o(i.PID21_Contrl)
    i.PID2_Init                              0x080039e8   Section        0  pid.o(i.PID2_Init)
    i.PendSV_Handler                         0x080039fa   Section        0  stm32f1xx_it.o(i.PendSV_Handler)
    i.RCC_Delay                              0x080039fc   Section        0  stm32f1xx_hal_rcc.o(i.RCC_Delay)
    RCC_Delay                                0x080039fd   Thumb Code    36  stm32f1xx_hal_rcc.o(i.RCC_Delay)
    i.SVC_Handler                            0x08003a24   Section        0  stm32f1xx_it.o(i.SVC_Handler)
    i.SysTick_Handler                        0x08003a26   Section        0  stm32f1xx_it.o(i.SysTick_Handler)
    i.SystemClock_Config                     0x08003a2e   Section        0  main.o(i.SystemClock_Config)
    i.SystemInit                             0x08003a94   Section        0  system_stm32f1xx.o(i.SystemInit)
    i.TIM1_UP_IRQHandler                     0x08003a98   Section        0  stm32f1xx_it.o(i.TIM1_UP_IRQHandler)
    i.TIM2_IRQHandler                        0x08003aa8   Section        0  stm32f1xx_it.o(i.TIM2_IRQHandler)
    i.TIM3_IRQHandler                        0x08003ab8   Section        0  stm32f1xx_it.o(i.TIM3_IRQHandler)
    i.TIM_Base_SetConfig                     0x08003ac8   Section        0  stm32f1xx_hal_tim.o(i.TIM_Base_SetConfig)
    i.TIM_CCxChannelCmd                      0x08003b3c   Section        0  stm32f1xx_hal_tim.o(i.TIM_CCxChannelCmd)
    i.TIM_ETR_SetConfig                      0x08003b5e   Section        0  stm32f1xx_hal_tim.o(i.TIM_ETR_SetConfig)
    i.TIM_ITRx_SetConfig                     0x08003b74   Section        0  stm32f1xx_hal_tim.o(i.TIM_ITRx_SetConfig)
    TIM_ITRx_SetConfig                       0x08003b75   Thumb Code    18  stm32f1xx_hal_tim.o(i.TIM_ITRx_SetConfig)
    i.TIM_OC1_SetConfig                      0x08003b88   Section        0  stm32f1xx_hal_tim.o(i.TIM_OC1_SetConfig)
    TIM_OC1_SetConfig                        0x08003b89   Thumb Code    90  stm32f1xx_hal_tim.o(i.TIM_OC1_SetConfig)
    i.TIM_OC2_SetConfig                      0x08003be8   Section        0  stm32f1xx_hal_tim.o(i.TIM_OC2_SetConfig)
    i.TIM_OC3_SetConfig                      0x08003c50   Section        0  stm32f1xx_hal_tim.o(i.TIM_OC3_SetConfig)
    TIM_OC3_SetConfig                        0x08003c51   Thumb Code    98  stm32f1xx_hal_tim.o(i.TIM_OC3_SetConfig)
    i.TIM_OC4_SetConfig                      0x08003cb8   Section        0  stm32f1xx_hal_tim.o(i.TIM_OC4_SetConfig)
    TIM_OC4_SetConfig                        0x08003cb9   Thumb Code    68  stm32f1xx_hal_tim.o(i.TIM_OC4_SetConfig)
    i.TIM_TI1_ConfigInputStage               0x08003d00   Section        0  stm32f1xx_hal_tim.o(i.TIM_TI1_ConfigInputStage)
    TIM_TI1_ConfigInputStage                 0x08003d01   Thumb Code    38  stm32f1xx_hal_tim.o(i.TIM_TI1_ConfigInputStage)
    i.TIM_TI2_ConfigInputStage               0x08003d26   Section        0  stm32f1xx_hal_tim.o(i.TIM_TI2_ConfigInputStage)
    TIM_TI2_ConfigInputStage                 0x08003d27   Thumb Code    40  stm32f1xx_hal_tim.o(i.TIM_TI2_ConfigInputStage)
    i.UART_DMAAbortOnError                   0x08003d4e   Section        0  stm32f1xx_hal_uart.o(i.UART_DMAAbortOnError)
    UART_DMAAbortOnError                     0x08003d4f   Thumb Code    20  stm32f1xx_hal_uart.o(i.UART_DMAAbortOnError)
    i.UART_DMAError                          0x08003d62   Section        0  stm32f1xx_hal_uart.o(i.UART_DMAError)
    UART_DMAError                            0x08003d63   Thumb Code    80  stm32f1xx_hal_uart.o(i.UART_DMAError)
    i.UART_DMAReceiveCplt                    0x08003db2   Section        0  stm32f1xx_hal_uart.o(i.UART_DMAReceiveCplt)
    UART_DMAReceiveCplt                      0x08003db3   Thumb Code   180  stm32f1xx_hal_uart.o(i.UART_DMAReceiveCplt)
    i.UART_DMARxHalfCplt                     0x08003e66   Section        0  stm32f1xx_hal_uart.o(i.UART_DMARxHalfCplt)
    UART_DMARxHalfCplt                       0x08003e67   Thumb Code    36  stm32f1xx_hal_uart.o(i.UART_DMARxHalfCplt)
    i.UART_EndRxTransfer                     0x08003e8a   Section        0  stm32f1xx_hal_uart.o(i.UART_EndRxTransfer)
    UART_EndRxTransfer                       0x08003e8b   Thumb Code   108  stm32f1xx_hal_uart.o(i.UART_EndRxTransfer)
    i.UART_EndTransmit_IT                    0x08003ef6   Section        0  stm32f1xx_hal_uart.o(i.UART_EndTransmit_IT)
    UART_EndTransmit_IT                      0x08003ef7   Thumb Code    32  stm32f1xx_hal_uart.o(i.UART_EndTransmit_IT)
    i.UART_EndTxTransfer                     0x08003f16   Section        0  stm32f1xx_hal_uart.o(i.UART_EndTxTransfer)
    UART_EndTxTransfer                       0x08003f17   Thumb Code    38  stm32f1xx_hal_uart.o(i.UART_EndTxTransfer)
    i.UART_Receive_IT                        0x08003f3c   Section        0  stm32f1xx_hal_uart.o(i.UART_Receive_IT)
    UART_Receive_IT                          0x08003f3d   Thumb Code   252  stm32f1xx_hal_uart.o(i.UART_Receive_IT)
    i.UART_SetConfig                         0x08004038   Section        0  stm32f1xx_hal_uart.o(i.UART_SetConfig)
    UART_SetConfig                           0x08004039   Thumb Code   248  stm32f1xx_hal_uart.o(i.UART_SetConfig)
    i.UART_Start_Receive_DMA                 0x08004134   Section        0  stm32f1xx_hal_uart.o(i.UART_Start_Receive_DMA)
    i.UART_Transmit_IT                       0x080041fc   Section        0  stm32f1xx_hal_uart.o(i.UART_Transmit_IT)
    UART_Transmit_IT                         0x080041fd   Thumb Code    96  stm32f1xx_hal_uart.o(i.UART_Transmit_IT)
    i.UART_WaitOnFlagUntilTimeout            0x0800425c   Section        0  stm32f1xx_hal_uart.o(i.UART_WaitOnFlagUntilTimeout)
    UART_WaitOnFlagUntilTimeout              0x0800425d   Thumb Code   146  stm32f1xx_hal_uart.o(i.UART_WaitOnFlagUntilTimeout)
    i.USART2_IRQHandler                      0x080042f0   Section        0  stm32f1xx_it.o(i.USART2_IRQHandler)
    i.UsageFault_Handler                     0x08004300   Section        0  stm32f1xx_it.o(i.UsageFault_Handler)
    i.__0printf                              0x08004304   Section        0  printfa.o(i.__0printf)
    i.__NVIC_GetPriorityGrouping             0x08004324   Section        0  stm32f1xx_hal_cortex.o(i.__NVIC_GetPriorityGrouping)
    __NVIC_GetPriorityGrouping               0x08004325   Thumb Code    10  stm32f1xx_hal_cortex.o(i.__NVIC_GetPriorityGrouping)
    i.__NVIC_SetPriority                     0x08004334   Section        0  stm32f1xx_hal_cortex.o(i.__NVIC_SetPriority)
    __NVIC_SetPriority                       0x08004335   Thumb Code    32  stm32f1xx_hal_cortex.o(i.__NVIC_SetPriority)
    i.__scatterload_copy                     0x0800435c   Section       14  handlers.o(i.__scatterload_copy)
    i.__scatterload_null                     0x0800436a   Section        2  handlers.o(i.__scatterload_null)
    i.__scatterload_zeroinit                 0x0800436c   Section       14  handlers.o(i.__scatterload_zeroinit)
    i._fp_digits                             0x0800437c   Section        0  printfa.o(i._fp_digits)
    _fp_digits                               0x0800437d   Thumb Code   366  printfa.o(i._fp_digits)
    i._printf_core                           0x08004500   Section        0  printfa.o(i._printf_core)
    _printf_core                             0x08004501   Thumb Code  1744  printfa.o(i._printf_core)
    i._printf_post_padding                   0x08004bdc   Section        0  printfa.o(i._printf_post_padding)
    _printf_post_padding                     0x08004bdd   Thumb Code    36  printfa.o(i._printf_post_padding)
    i._printf_pre_padding                    0x08004c00   Section        0  printfa.o(i._printf_pre_padding)
    _printf_pre_padding                      0x08004c01   Thumb Code    46  printfa.o(i._printf_pre_padding)
    i.fputc                                  0x08004c30   Section        0  usart.o(i.fputc)
    i.main                                   0x08004c4c   Section        0  main.o(i.main)
    .constdata                               0x08004d24   Section       18  stm32f1xx_hal_rcc.o(.constdata)
    aPLLMULFactorTable                       0x08004d24   Data          16  stm32f1xx_hal_rcc.o(.constdata)
    aPredivFactorTable                       0x08004d34   Data           2  stm32f1xx_hal_rcc.o(.constdata)
    .constdata                               0x08004d36   Section       24  system_stm32f1xx.o(.constdata)
    .constdata                               0x08004d4e   Section     1536  ascii_8x16.o(.constdata)
    .data                                    0x20000000   Section        9  stm32f1xx_hal.o(.data)
    .data                                    0x2000000c   Section        4  system_stm32f1xx.o(.data)
    .data                                    0x20000010   Section        4  stdout.o(.data)
    .bss                                     0x20000014   Section       16  main.o(.bss)
    .bss                                     0x20000024   Section       84  i2c.o(.bss)
    .bss                                     0x20000078   Section      216  tim.o(.bss)
    .bss                                     0x20000150   Section      208  usart.o(.bss)
    .bss                                     0x20000220   Section       56  tb6612.o(.bss)
    .bss                                     0x20000258   Section       64  pid.o(.bss)
    STACK                                    0x20000298   Section     1024  startup_stm32f103xb.o(STACK)

    Global Symbols

    Symbol Name                              Value     Ov Type        Size  Object(Section)

    BuildAttributes$$THM_ISAv4$P$D$K$B$S$PE$A:L22UL41UL21$X:L11$S22US41US21$IEEE1$IW$USESV6$~STKCKD$USESV7$~SHL$OTIME$ROPI$EBA8$MICROLIB$REQ8$PRES8$EABIv2 0x00000000   Number         0  anon$$obj.o ABSOLUTE
    __ARM_use_no_argv                        0x00000000   Number         0  main.o ABSOLUTE
    _printf_a                                0x00000000   Number         0  stubs.o ABSOLUTE
    _printf_c                                0x00000000   Number         0  stubs.o ABSOLUTE
    _printf_charcount                        0x00000000   Number         0  stubs.o ABSOLUTE
    _printf_d                                0x00000000   Number         0  stubs.o ABSOLUTE
    _printf_e                                0x00000000   Number         0  stubs.o ABSOLUTE
    _printf_f                                0x00000000   Number         0  stubs.o ABSOLUTE
    _printf_flags                            0x00000000   Number         0  stubs.o ABSOLUTE
    _printf_fp_dec                           0x00000000   Number         0  stubs.o ABSOLUTE
    _printf_fp_hex                           0x00000000   Number         0  stubs.o ABSOLUTE
    _printf_g                                0x00000000   Number         0  stubs.o ABSOLUTE
    _printf_i                                0x00000000   Number         0  stubs.o ABSOLUTE
    _printf_int_dec                          0x00000000   Number         0  stubs.o ABSOLUTE
    _printf_l                                0x00000000   Number         0  stubs.o ABSOLUTE
    _printf_lc                               0x00000000   Number         0  stubs.o ABSOLUTE
    _printf_ll                               0x00000000   Number         0  stubs.o ABSOLUTE
    _printf_lld                              0x00000000   Number         0  stubs.o ABSOLUTE
    _printf_lli                              0x00000000   Number         0  stubs.o ABSOLUTE
    _printf_llo                              0x00000000   Number         0  stubs.o ABSOLUTE
    _printf_llu                              0x00000000   Number         0  stubs.o ABSOLUTE
    _printf_llx                              0x00000000   Number         0  stubs.o ABSOLUTE
    _printf_longlong_dec                     0x00000000   Number         0  stubs.o ABSOLUTE
    _printf_longlong_hex                     0x00000000   Number         0  stubs.o ABSOLUTE
    _printf_longlong_oct                     0x00000000   Number         0  stubs.o ABSOLUTE
    _printf_ls                               0x00000000   Number         0  stubs.o ABSOLUTE
    _printf_mbtowc                           0x00000000   Number         0  stubs.o ABSOLUTE
    _printf_n                                0x00000000   Number         0  stubs.o ABSOLUTE
    _printf_o                                0x00000000   Number         0  stubs.o ABSOLUTE
    _printf_p                                0x00000000   Number         0  stubs.o ABSOLUTE
    _printf_percent                          0x00000000   Number         0  stubs.o ABSOLUTE
    _printf_pre_padding                      0x00000000   Number         0  stubs.o ABSOLUTE
    _printf_return_value                     0x00000000   Number         0  stubs.o ABSOLUTE
    _printf_s                                0x00000000   Number         0  stubs.o ABSOLUTE
    _printf_sizespec                         0x00000000   Number         0  stubs.o ABSOLUTE
    _printf_str                              0x00000000   Number         0  stubs.o ABSOLUTE
    _printf_truncate_signed                  0x00000000   Number         0  stubs.o ABSOLUTE
    _printf_truncate_unsigned                0x00000000   Number         0  stubs.o ABSOLUTE
    _printf_u                                0x00000000   Number         0  stubs.o ABSOLUTE
    _printf_wc                               0x00000000   Number         0  stubs.o ABSOLUTE
    _printf_wctomb                           0x00000000   Number         0  stubs.o ABSOLUTE
    _printf_widthprec                        0x00000000   Number         0  stubs.o ABSOLUTE
    _printf_x                                0x00000000   Number         0  stubs.o ABSOLUTE
    __cpp_initialize__aeabi_                  - Undefined Weak Reference
    __cxa_finalize                            - Undefined Weak Reference
    __decompress                              - Undefined Weak Reference
    _clock_init                               - Undefined Weak Reference
    _microlib_exit                            - Undefined Weak Reference
    __Vectors_Size                           0x000000ec   Number         0  startup_stm32f103xb.o ABSOLUTE
    __Vectors                                0x08000000   Data           4  startup_stm32f103xb.o(RESET)
    __Vectors_End                            0x080000ec   Data           0  startup_stm32f103xb.o(RESET)
    __main                                   0x080000ed   Thumb Code     0  entry.o(.ARM.Collect$$$$00000000)
    _main_stk                                0x080000ed   Thumb Code     0  entry2.o(.ARM.Collect$$$$00000001)
    _main_scatterload                        0x080000f1   Thumb Code     0  entry5.o(.ARM.Collect$$$$00000004)
    __main_after_scatterload                 0x080000f5   Thumb Code     0  entry5.o(.ARM.Collect$$$$00000004)
    _main_clock                              0x080000f5   Thumb Code     0  entry7b.o(.ARM.Collect$$$$00000008)
    _main_cpp_init                           0x080000f5   Thumb Code     0  entry8b.o(.ARM.Collect$$$$0000000A)
    _main_init                               0x080000f5   Thumb Code     0  entry9a.o(.ARM.Collect$$$$0000000B)
    __rt_final_cpp                           0x080000fd   Thumb Code     0  entry10a.o(.ARM.Collect$$$$0000000D)
    __rt_final_exit                          0x080000fd   Thumb Code     0  entry11a.o(.ARM.Collect$$$$0000000F)
    Reset_Handler                            0x08000101   Thumb Code     8  startup_stm32f103xb.o(.text)
    ADC1_2_IRQHandler                        0x0800011b   Thumb Code     0  startup_stm32f103xb.o(.text)
    CAN1_RX1_IRQHandler                      0x0800011b   Thumb Code     0  startup_stm32f103xb.o(.text)
    CAN1_SCE_IRQHandler                      0x0800011b   Thumb Code     0  startup_stm32f103xb.o(.text)
    DMA1_Channel1_IRQHandler                 0x0800011b   Thumb Code     0  startup_stm32f103xb.o(.text)
    DMA1_Channel2_IRQHandler                 0x0800011b   Thumb Code     0  startup_stm32f103xb.o(.text)
    DMA1_Channel3_IRQHandler                 0x0800011b   Thumb Code     0  startup_stm32f103xb.o(.text)
    DMA1_Channel4_IRQHandler                 0x0800011b   Thumb Code     0  startup_stm32f103xb.o(.text)
    DMA1_Channel5_IRQHandler                 0x0800011b   Thumb Code     0  startup_stm32f103xb.o(.text)
    EXTI0_IRQHandler                         0x0800011b   Thumb Code     0  startup_stm32f103xb.o(.text)
    EXTI15_10_IRQHandler                     0x0800011b   Thumb Code     0  startup_stm32f103xb.o(.text)
    EXTI1_IRQHandler                         0x0800011b   Thumb Code     0  startup_stm32f103xb.o(.text)
    EXTI2_IRQHandler                         0x0800011b   Thumb Code     0  startup_stm32f103xb.o(.text)
    EXTI3_IRQHandler                         0x0800011b   Thumb Code     0  startup_stm32f103xb.o(.text)
    EXTI4_IRQHandler                         0x0800011b   Thumb Code     0  startup_stm32f103xb.o(.text)
    EXTI9_5_IRQHandler                       0x0800011b   Thumb Code     0  startup_stm32f103xb.o(.text)
    FLASH_IRQHandler                         0x0800011b   Thumb Code     0  startup_stm32f103xb.o(.text)
    I2C1_ER_IRQHandler                       0x0800011b   Thumb Code     0  startup_stm32f103xb.o(.text)
    I2C1_EV_IRQHandler                       0x0800011b   Thumb Code     0  startup_stm32f103xb.o(.text)
    I2C2_ER_IRQHandler                       0x0800011b   Thumb Code     0  startup_stm32f103xb.o(.text)
    I2C2_EV_IRQHandler                       0x0800011b   Thumb Code     0  startup_stm32f103xb.o(.text)
    PVD_IRQHandler                           0x0800011b   Thumb Code     0  startup_stm32f103xb.o(.text)
    RCC_IRQHandler                           0x0800011b   Thumb Code     0  startup_stm32f103xb.o(.text)
    RTC_Alarm_IRQHandler                     0x0800011b   Thumb Code     0  startup_stm32f103xb.o(.text)
    RTC_IRQHandler                           0x0800011b   Thumb Code     0  startup_stm32f103xb.o(.text)
    SPI1_IRQHandler                          0x0800011b   Thumb Code     0  startup_stm32f103xb.o(.text)
    SPI2_IRQHandler                          0x0800011b   Thumb Code     0  startup_stm32f103xb.o(.text)
    TAMPER_IRQHandler                        0x0800011b   Thumb Code     0  startup_stm32f103xb.o(.text)
    TIM1_BRK_IRQHandler                      0x0800011b   Thumb Code     0  startup_stm32f103xb.o(.text)
    TIM1_CC_IRQHandler                       0x0800011b   Thumb Code     0  startup_stm32f103xb.o(.text)
    TIM1_TRG_COM_IRQHandler                  0x0800011b   Thumb Code     0  startup_stm32f103xb.o(.text)
    TIM4_IRQHandler                          0x0800011b   Thumb Code     0  startup_stm32f103xb.o(.text)
    USART1_IRQHandler                        0x0800011b   Thumb Code     0  startup_stm32f103xb.o(.text)
    USART3_IRQHandler                        0x0800011b   Thumb Code     0  startup_stm32f103xb.o(.text)
    USBWakeUp_IRQHandler                     0x0800011b   Thumb Code     0  startup_stm32f103xb.o(.text)
    USB_HP_CAN1_TX_IRQHandler                0x0800011b   Thumb Code     0  startup_stm32f103xb.o(.text)
    USB_LP_CAN1_RX0_IRQHandler               0x0800011b   Thumb Code     0  startup_stm32f103xb.o(.text)
    WWDG_IRQHandler                          0x0800011b   Thumb Code     0  startup_stm32f103xb.o(.text)
    __aeabi_llsr                             0x08000125   Thumb Code    32  llushr.o(.text)
    _ll_ushift_r                             0x08000125   Thumb Code     0  llushr.o(.text)
    __aeabi_memcpy                           0x08000145   Thumb Code    36  memcpya.o(.text)
    __aeabi_memcpy4                          0x08000145   Thumb Code     0  memcpya.o(.text)
    __aeabi_memcpy8                          0x08000145   Thumb Code     0  memcpya.o(.text)
    __aeabi_memset                           0x08000169   Thumb Code    14  memseta.o(.text)
    __aeabi_memset4                          0x08000169   Thumb Code     0  memseta.o(.text)
    __aeabi_memset8                          0x08000169   Thumb Code     0  memseta.o(.text)
    __aeabi_memclr                           0x08000177   Thumb Code     4  memseta.o(.text)
    __aeabi_memclr4                          0x08000177   Thumb Code     0  memseta.o(.text)
    __aeabi_memclr8                          0x08000177   Thumb Code     0  memseta.o(.text)
    _memset$wrapper                          0x0800017b   Thumb Code    18  memseta.o(.text)
    __aeabi_fadd                             0x0800018d   Thumb Code   164  fadd.o(.text)
    __aeabi_fsub                             0x08000231   Thumb Code     6  fadd.o(.text)
    __aeabi_frsub                            0x08000237   Thumb Code     6  fadd.o(.text)
    __aeabi_fmul                             0x0800023d   Thumb Code   100  fmul.o(.text)
    __aeabi_fdiv                             0x080002a1   Thumb Code   124  fdiv.o(.text)
    __aeabi_i2f                              0x0800031d   Thumb Code    18  fflti.o(.text)
    __aeabi_f2uiz                            0x0800032f   Thumb Code    40  ffixui.o(.text)
    __aeabi_f2d                              0x08000357   Thumb Code    38  f2d.o(.text)
    __aeabi_cfcmpeq                          0x0800037d   Thumb Code     0  cfcmple.o(.text)
    __aeabi_cfcmple                          0x0800037d   Thumb Code    20  cfcmple.o(.text)
    __aeabi_cfrcmple                         0x08000391   Thumb Code    20  cfrcmple.o(.text)
    __aeabi_uidiv                            0x080003a5   Thumb Code     0  uidiv.o(.text)
    __aeabi_uidivmod                         0x080003a5   Thumb Code    44  uidiv.o(.text)
    __aeabi_uldivmod                         0x080003d1   Thumb Code    98  uldiv.o(.text)
    __I$use$fp                               0x08000433   Thumb Code     0  iusefp.o(.text)
    _float_round                             0x08000433   Thumb Code    18  fepilogue.o(.text)
    _float_epilogue                          0x08000445   Thumb Code    92  fepilogue.o(.text)
    __aeabi_dadd                             0x080004a1   Thumb Code   322  dadd.o(.text)
    __aeabi_dsub                             0x080005e3   Thumb Code     6  dadd.o(.text)
    __aeabi_drsub                            0x080005e9   Thumb Code     6  dadd.o(.text)
    __aeabi_dmul                             0x080005ef   Thumb Code   228  dmul.o(.text)
    __aeabi_ddiv                             0x080006d3   Thumb Code   222  ddiv.o(.text)
    __aeabi_d2ulz                            0x080007b1   Thumb Code    48  dfixul.o(.text)
    __aeabi_cdrcmple                         0x080007e1   Thumb Code    48  cdrcmple.o(.text)
    __scatterload                            0x08000811   Thumb Code    28  init.o(.text)
    __scatterload_rt2                        0x08000811   Thumb Code     0  init.o(.text)
    __aeabi_llsl                             0x08000835   Thumb Code    30  llshl.o(.text)
    _ll_shift_l                              0x08000835   Thumb Code     0  llshl.o(.text)
    __aeabi_lasr                             0x08000853   Thumb Code    36  llsshr.o(.text)
    _ll_sshift_r                             0x08000853   Thumb Code     0  llsshr.o(.text)
    _double_round                            0x08000877   Thumb Code    30  depilogue.o(.text)
    _double_epilogue                         0x08000895   Thumb Code   156  depilogue.o(.text)
    BusFault_Handler                         0x08000931   Thumb Code     4  stm32f1xx_it.o(i.BusFault_Handler)
    DMA1_Channel6_IRQHandler                 0x08000935   Thumb Code    10  stm32f1xx_it.o(i.DMA1_Channel6_IRQHandler)
    DMA1_Channel7_IRQHandler                 0x08000945   Thumb Code    10  stm32f1xx_it.o(i.DMA1_Channel7_IRQHandler)
    DebugMon_Handler                         0x08000981   Thumb Code     2  stm32f1xx_it.o(i.DebugMon_Handler)
    Error_Handler                            0x08000983   Thumb Code     6  main.o(i.Error_Handler)
    HAL_DMA_Abort                            0x08000989   Thumb Code    86  stm32f1xx_hal_dma.o(i.HAL_DMA_Abort)
    HAL_DMA_Abort_IT                         0x080009e1   Thumb Code   172  stm32f1xx_hal_dma.o(i.HAL_DMA_Abort_IT)
    HAL_DMA_IRQHandler                       0x08000a91   Thumb Code   408  stm32f1xx_hal_dma.o(i.HAL_DMA_IRQHandler)
    HAL_DMA_Init                             0x08000c2d   Thumb Code   100  stm32f1xx_hal_dma.o(i.HAL_DMA_Init)
    HAL_DMA_Start_IT                         0x08000c95   Thumb Code   156  stm32f1xx_hal_dma.o(i.HAL_DMA_Start_IT)
    HAL_Delay                                0x08000d31   Thumb Code    36  stm32f1xx_hal.o(i.HAL_Delay)
    HAL_GPIO_Init                            0x08000d59   Thumb Code   766  stm32f1xx_hal_gpio.o(i.HAL_GPIO_Init)
    HAL_GPIO_WritePin                        0x08001079   Thumb Code    12  stm32f1xx_hal_gpio.o(i.HAL_GPIO_WritePin)
    HAL_GetTick                              0x08001085   Thumb Code     6  stm32f1xx_hal.o(i.HAL_GetTick)
    HAL_I2C_Init                             0x08001091   Thumb Code   446  stm32f1xx_hal_i2c.o(i.HAL_I2C_Init)
    HAL_I2C_Mem_Write                        0x08001261   Thumb Code   348  stm32f1xx_hal_i2c.o(i.HAL_I2C_Mem_Write)
    HAL_I2C_MspInit                          0x080013c5   Thumb Code   104  i2c.o(i.HAL_I2C_MspInit)
    HAL_IncTick                              0x08001439   Thumb Code    16  stm32f1xx_hal.o(i.HAL_IncTick)
    HAL_Init                                 0x08001451   Thumb Code    34  stm32f1xx_hal.o(i.HAL_Init)
    HAL_InitTick                             0x08001479   Thumb Code    64  stm32f1xx_hal.o(i.HAL_InitTick)
    HAL_MspInit                              0x080014c5   Thumb Code    58  stm32f1xx_hal_msp.o(i.HAL_MspInit)
    HAL_NVIC_EnableIRQ                       0x08001505   Thumb Code    32  stm32f1xx_hal_cortex.o(i.HAL_NVIC_EnableIRQ)
    HAL_NVIC_SetPriority                     0x08001525   Thumb Code   124  stm32f1xx_hal_cortex.o(i.HAL_NVIC_SetPriority)
    HAL_NVIC_SetPriorityGrouping             0x080015a1   Thumb Code    32  stm32f1xx_hal_cortex.o(i.HAL_NVIC_SetPriorityGrouping)
    HAL_RCC_ClockConfig                      0x080015c9   Thumb Code   376  stm32f1xx_hal_rcc.o(i.HAL_RCC_ClockConfig)
    HAL_RCC_GetHCLKFreq                      0x08001755   Thumb Code     6  stm32f1xx_hal_rcc.o(i.HAL_RCC_GetHCLKFreq)
    HAL_RCC_GetPCLK1Freq                     0x08001761   Thumb Code    22  stm32f1xx_hal_rcc.o(i.HAL_RCC_GetPCLK1Freq)
    HAL_RCC_GetPCLK2Freq                     0x08001781   Thumb Code    22  stm32f1xx_hal_rcc.o(i.HAL_RCC_GetPCLK2Freq)
    HAL_RCC_GetSysClockFreq                  0x080017a1   Thumb Code    92  stm32f1xx_hal_rcc.o(i.HAL_RCC_GetSysClockFreq)
    HAL_RCC_OscConfig                        0x08001811   Thumb Code  1114  stm32f1xx_hal_rcc.o(i.HAL_RCC_OscConfig)
    HAL_SYSTICK_Config                       0x08001c75   Thumb Code    52  stm32f1xx_hal_cortex.o(i.HAL_SYSTICK_Config)
    HAL_TIMEx_BreakCallback                  0x08001ca9   Thumb Code     2  stm32f1xx_hal_tim_ex.o(i.HAL_TIMEx_BreakCallback)
    HAL_TIMEx_CommutCallback                 0x08001cab   Thumb Code     2  stm32f1xx_hal_tim_ex.o(i.HAL_TIMEx_CommutCallback)
    HAL_TIMEx_ConfigBreakDeadTime            0x08001cad   Thumb Code   116  stm32f1xx_hal_tim_ex.o(i.HAL_TIMEx_ConfigBreakDeadTime)
    HAL_TIMEx_MasterConfigSynchronization    0x08001d21   Thumb Code   118  stm32f1xx_hal_tim_ex.o(i.HAL_TIMEx_MasterConfigSynchronization)
    HAL_TIM_Base_Init                        0x08001da5   Thumb Code   102  stm32f1xx_hal_tim.o(i.HAL_TIM_Base_Init)
    HAL_TIM_Base_MspInit                     0x08001e0d   Thumb Code   112  tim.o(i.HAL_TIM_Base_MspInit)
    HAL_TIM_Base_Start_IT                    0x08001e85   Thumb Code   106  stm32f1xx_hal_tim.o(i.HAL_TIM_Base_Start_IT)
    HAL_TIM_ConfigClockSource                0x08001efd   Thumb Code   268  stm32f1xx_hal_tim.o(i.HAL_TIM_ConfigClockSource)
    HAL_TIM_Encoder_Init                     0x08002009   Thumb Code   196  stm32f1xx_hal_tim.o(i.HAL_TIM_Encoder_Init)
    HAL_TIM_Encoder_MspInit                  0x080020cd   Thumb Code   118  tim.o(i.HAL_TIM_Encoder_MspInit)
    HAL_TIM_Encoder_Start                    0x08002151   Thumb Code   204  stm32f1xx_hal_tim.o(i.HAL_TIM_Encoder_Start)
    HAL_TIM_IC_CaptureCallback               0x0800221d   Thumb Code     2  stm32f1xx_hal_tim.o(i.HAL_TIM_IC_CaptureCallback)
    HAL_TIM_IRQHandler                       0x0800221f   Thumb Code   406  stm32f1xx_hal_tim.o(i.HAL_TIM_IRQHandler)
    HAL_TIM_MspPostInit                      0x080023b5   Thumb Code    74  tim.o(i.HAL_TIM_MspPostInit)
    HAL_TIM_OC_DelayElapsedCallback          0x0800240d   Thumb Code     2  stm32f1xx_hal_tim.o(i.HAL_TIM_OC_DelayElapsedCallback)
    HAL_TIM_PWM_ConfigChannel                0x0800240f   Thumb Code   260  stm32f1xx_hal_tim.o(i.HAL_TIM_PWM_ConfigChannel)
    HAL_TIM_PWM_Init                         0x08002513   Thumb Code   102  stm32f1xx_hal_tim.o(i.HAL_TIM_PWM_Init)
    HAL_TIM_PWM_MspInit                      0x08002579   Thumb Code     2  stm32f1xx_hal_tim.o(i.HAL_TIM_PWM_MspInit)
    HAL_TIM_PWM_PulseFinishedCallback        0x0800257b   Thumb Code     2  stm32f1xx_hal_tim.o(i.HAL_TIM_PWM_PulseFinishedCallback)
    HAL_TIM_PWM_Start                        0x0800257d   Thumb Code   198  stm32f1xx_hal_tim.o(i.HAL_TIM_PWM_Start)
    HAL_TIM_PeriodElapsedCallback            0x08002651   Thumb Code   206  stm32f1xx_it.o(i.HAL_TIM_PeriodElapsedCallback)
    HAL_TIM_TriggerCallback                  0x08002751   Thumb Code     2  stm32f1xx_hal_tim.o(i.HAL_TIM_TriggerCallback)
    HAL_UARTEx_ReceiveToIdle_DMA             0x08002753   Thumb Code   114  stm32f1xx_hal_uart.o(i.HAL_UARTEx_ReceiveToIdle_DMA)
    HAL_UARTEx_RxEventCallback               0x080027c5   Thumb Code   292  stm32f1xx_it.o(i.HAL_UARTEx_RxEventCallback)
    HAL_UART_ErrorCallback                   0x08002905   Thumb Code     2  stm32f1xx_hal_uart.o(i.HAL_UART_ErrorCallback)
    HAL_UART_IRQHandler                      0x08002909   Thumb Code   736  stm32f1xx_hal_uart.o(i.HAL_UART_IRQHandler)
    HAL_UART_Init                            0x08002bed   Thumb Code   118  stm32f1xx_hal_uart.o(i.HAL_UART_Init)
    HAL_UART_MspInit                         0x08002c65   Thumb Code   238  usart.o(i.HAL_UART_MspInit)
    HAL_UART_RxCpltCallback                  0x08002d6d   Thumb Code     2  stm32f1xx_hal_uart.o(i.HAL_UART_RxCpltCallback)
    HAL_UART_RxHalfCpltCallback              0x08002d6f   Thumb Code     2  stm32f1xx_hal_uart.o(i.HAL_UART_RxHalfCpltCallback)
    HAL_UART_Transmit                        0x08002d71   Thumb Code   178  stm32f1xx_hal_uart.o(i.HAL_UART_Transmit)
    HAL_UART_TxCpltCallback                  0x08002e23   Thumb Code     2  stm32f1xx_hal_uart.o(i.HAL_UART_TxCpltCallback)
    HardFault_Handler                        0x08002e25   Thumb Code     4  stm32f1xx_it.o(i.HardFault_Handler)
    MOtor_SetState                           0x080031cd   Thumb Code    32  tb6612.o(i.MOtor_SetState)
    MX_DMA_Init                              0x080031f1   Thumb Code    64  dma.o(i.MX_DMA_Init)
    MX_GPIO_Init                             0x08003235   Thumb Code   204  gpio.o(i.MX_GPIO_Init)
    MX_I2C1_Init                             0x0800330d   Thumb Code    48  i2c.o(i.MX_I2C1_Init)
    MX_TIM1_Init                             0x08003349   Thumb Code   208  tim.o(i.MX_TIM1_Init)
    MX_TIM2_Init                             0x08003421   Thumb Code   106  tim.o(i.MX_TIM2_Init)
    MX_TIM3_Init                             0x08003491   Thumb Code   114  tim.o(i.MX_TIM3_Init)
    MX_USART2_UART_Init                      0x0800350d   Thumb Code    72  usart.o(i.MX_USART2_UART_Init)
    MemManage_Handler                        0x08003565   Thumb Code     4  stm32f1xx_it.o(i.MemManage_Handler)
    Motor_Init                               0x08003569   Thumb Code    68  tb6612.o(i.Motor_Init)
    Motor_SetDir                             0x080035b9   Thumb Code    52  tb6612.o(i.Motor_SetDir)
    Motor_Setspeed                           0x080035f1   Thumb Code    76  tb6612.o(i.Motor_Setspeed)
    NMI_Handler                              0x08003645   Thumb Code     4  stm32f1xx_it.o(i.NMI_Handler)
    OLED_Display                             0x08003649   Thumb Code   236  oled.o(i.OLED_Display)
    OLED_Display_Clear                       0x0800373d   Thumb Code   158  oled.o(i.OLED_Display_Clear)
    OLED_Display_Num                         0x080037e5   Thumb Code    74  oled.o(i.OLED_Display_Num)
    OLED_Display_Off                         0x08003831   Thumb Code    36  oled.o(i.OLED_Display_Off)
    OLED_Display_On                          0x0800385d   Thumb Code    44  oled.o(i.OLED_Display_On)
    OLED_Init                                0x080038a9   Thumb Code    20  oled.o(i.OLED_Init)
    PID1_Init                                0x080038bd   Thumb Code    24  pid.o(i.PID1_Init)
    PID21_Contrl                             0x080038d5   Thumb Code   260  pid.o(i.PID21_Contrl)
    PID2_Init                                0x080039e9   Thumb Code    18  pid.o(i.PID2_Init)
    PendSV_Handler                           0x080039fb   Thumb Code     2  stm32f1xx_it.o(i.PendSV_Handler)
    SVC_Handler                              0x08003a25   Thumb Code     2  stm32f1xx_it.o(i.SVC_Handler)
    SysTick_Handler                          0x08003a27   Thumb Code     8  stm32f1xx_it.o(i.SysTick_Handler)
    SystemClock_Config                       0x08003a2f   Thumb Code   102  main.o(i.SystemClock_Config)
    SystemInit                               0x08003a95   Thumb Code     2  system_stm32f1xx.o(i.SystemInit)
    TIM1_UP_IRQHandler                       0x08003a99   Thumb Code    10  stm32f1xx_it.o(i.TIM1_UP_IRQHandler)
    TIM2_IRQHandler                          0x08003aa9   Thumb Code    10  stm32f1xx_it.o(i.TIM2_IRQHandler)
    TIM3_IRQHandler                          0x08003ab9   Thumb Code    10  stm32f1xx_it.o(i.TIM3_IRQHandler)
    TIM_Base_SetConfig                       0x08003ac9   Thumb Code   104  stm32f1xx_hal_tim.o(i.TIM_Base_SetConfig)
    TIM_CCxChannelCmd                        0x08003b3d   Thumb Code    34  stm32f1xx_hal_tim.o(i.TIM_CCxChannelCmd)
    TIM_ETR_SetConfig                        0x08003b5f   Thumb Code    22  stm32f1xx_hal_tim.o(i.TIM_ETR_SetConfig)
    TIM_OC2_SetConfig                        0x08003be9   Thumb Code   100  stm32f1xx_hal_tim.o(i.TIM_OC2_SetConfig)
    UART_Start_Receive_DMA                   0x08004135   Thumb Code   186  stm32f1xx_hal_uart.o(i.UART_Start_Receive_DMA)
    USART2_IRQHandler                        0x080042f1   Thumb Code    10  stm32f1xx_it.o(i.USART2_IRQHandler)
    UsageFault_Handler                       0x08004301   Thumb Code     4  stm32f1xx_it.o(i.UsageFault_Handler)
    __0printf                                0x08004305   Thumb Code    22  printfa.o(i.__0printf)
    __1printf                                0x08004305   Thumb Code     0  printfa.o(i.__0printf)
    __2printf                                0x08004305   Thumb Code     0  printfa.o(i.__0printf)
    __c89printf                              0x08004305   Thumb Code     0  printfa.o(i.__0printf)
    printf                                   0x08004305   Thumb Code     0  printfa.o(i.__0printf)
    __scatterload_copy                       0x0800435d   Thumb Code    14  handlers.o(i.__scatterload_copy)
    __scatterload_null                       0x0800436b   Thumb Code     2  handlers.o(i.__scatterload_null)
    __scatterload_zeroinit                   0x0800436d   Thumb Code    14  handlers.o(i.__scatterload_zeroinit)
    fputc                                    0x08004c31   Thumb Code    22  usart.o(i.fputc)
    main                                     0x08004c4d   Thumb Code   176  main.o(i.main)
    AHBPrescTable                            0x08004d36   Data          16  system_stm32f1xx.o(.constdata)
    APBPrescTable                            0x08004d46   Data           8  system_stm32f1xx.o(.constdata)
    ASCII_8x16                               0x08004d4e   Data        1536  ascii_8x16.o(.constdata)
    Region$$Table$$Base                      0x08005350   Number         0  anon$$obj.o(Region$$Table)
    Region$$Table$$Limit                     0x08005370   Number         0  anon$$obj.o(Region$$Table)
    uwTick                                   0x20000000   Data           4  stm32f1xx_hal.o(.data)
    uwTickPrio                               0x20000004   Data           4  stm32f1xx_hal.o(.data)
    uwTickFreq                               0x20000008   Data           1  stm32f1xx_hal.o(.data)
    SystemCoreClock                          0x2000000c   Data           4  system_stm32f1xx.o(.data)
    __stdout                                 0x20000010   Data           4  stdout.o(.data)
    RxDate                                   0x20000014   Data          16  main.o(.bss)
    hi2c1                                    0x20000024   Data          84  i2c.o(.bss)
    htim1                                    0x20000078   Data          72  tim.o(.bss)
    htim2                                    0x200000c0   Data          72  tim.o(.bss)
    htim3                                    0x20000108   Data          72  tim.o(.bss)
    huart2                                   0x20000150   Data          72  usart.o(.bss)
    hdma_usart2_rx                           0x20000198   Data          68  usart.o(.bss)
    hdma_usart2_tx                           0x200001dc   Data          68  usart.o(.bss)
    Encoder1                                 0x20000220   Data          16  tb6612.o(.bss)
    SpeedBuff                                0x20000230   Data          40  tb6612.o(.bss)
    Pid1Speed                                0x20000258   Data          28  pid.o(.bss)
    Pid1Location                             0x20000274   Data          36  pid.o(.bss)
    __initial_sp                             0x20000698   Data           0  startup_stm32f103xb.o(STACK)



==============================================================================

Memory Map of the image

  Image Entry point : 0x080000ed

  Load Region LR_IROM1 (Base: 0x08000000, Size: 0x00005384, Max: 0x00010000, ABSOLUTE)

    Execution Region ER_IROM1 (Exec base: 0x08000000, Load base: 0x08000000, Size: 0x00005370, Max: 0x00010000, ABSOLUTE)

    Exec Addr    Load Addr    Size         Type   Attr      Idx    E Section Name        Object

    0x08000000   0x08000000   0x000000ec   Data   RO            3    RESET               startup_stm32f103xb.o
    0x080000ec   0x080000ec   0x00000000   Code   RO         3701  * .ARM.Collect$$$$00000000  mc_w.l(entry.o)
    0x080000ec   0x080000ec   0x00000004   Code   RO         3989    .ARM.Collect$$$$00000001  mc_w.l(entry2.o)
    0x080000f0   0x080000f0   0x00000004   Code   RO         3992    .ARM.Collect$$$$00000004  mc_w.l(entry5.o)
    0x080000f4   0x080000f4   0x00000000   Code   RO         3994    .ARM.Collect$$$$00000008  mc_w.l(entry7b.o)
    0x080000f4   0x080000f4   0x00000000   Code   RO         3996    .ARM.Collect$$$$0000000A  mc_w.l(entry8b.o)
    0x080000f4   0x080000f4   0x00000008   Code   RO         3997    .ARM.Collect$$$$0000000B  mc_w.l(entry9a.o)
    0x080000fc   0x080000fc   0x00000000   Code   RO         3999    .ARM.Collect$$$$0000000D  mc_w.l(entry10a.o)
    0x080000fc   0x080000fc   0x00000000   Code   RO         4001    .ARM.Collect$$$$0000000F  mc_w.l(entry11a.o)
    0x080000fc   0x080000fc   0x00000004   Code   RO         3990    .ARM.Collect$$$$00002712  mc_w.l(entry2.o)
    0x08000100   0x08000100   0x00000024   Code   RO            4    .text               startup_stm32f103xb.o
    0x08000124   0x08000124   0x00000020   Code   RO         3704    .text               mc_w.l(llushr.o)
    0x08000144   0x08000144   0x00000024   Code   RO         3706    .text               mc_w.l(memcpya.o)
    0x08000168   0x08000168   0x00000024   Code   RO         3708    .text               mc_w.l(memseta.o)
    0x0800018c   0x0800018c   0x000000b0   Code   RO         3973    .text               mf_w.l(fadd.o)
    0x0800023c   0x0800023c   0x00000064   Code   RO         3975    .text               mf_w.l(fmul.o)
    0x080002a0   0x080002a0   0x0000007c   Code   RO         3977    .text               mf_w.l(fdiv.o)
    0x0800031c   0x0800031c   0x00000012   Code   RO         3979    .text               mf_w.l(fflti.o)
    0x0800032e   0x0800032e   0x00000028   Code   RO         3981    .text               mf_w.l(ffixui.o)
    0x08000356   0x08000356   0x00000026   Code   RO         3983    .text               mf_w.l(f2d.o)
    0x0800037c   0x0800037c   0x00000014   Code   RO         3985    .text               mf_w.l(cfcmple.o)
    0x08000390   0x08000390   0x00000014   Code   RO         3987    .text               mf_w.l(cfrcmple.o)
    0x080003a4   0x080003a4   0x0000002c   Code   RO         4004    .text               mc_w.l(uidiv.o)
    0x080003d0   0x080003d0   0x00000062   Code   RO         4006    .text               mc_w.l(uldiv.o)
    0x08000432   0x08000432   0x00000000   Code   RO         4008    .text               mc_w.l(iusefp.o)
    0x08000432   0x08000432   0x0000006e   Code   RO         4009    .text               mf_w.l(fepilogue.o)
    0x080004a0   0x080004a0   0x0000014e   Code   RO         4011    .text               mf_w.l(dadd.o)
    0x080005ee   0x080005ee   0x000000e4   Code   RO         4013    .text               mf_w.l(dmul.o)
    0x080006d2   0x080006d2   0x000000de   Code   RO         4015    .text               mf_w.l(ddiv.o)
    0x080007b0   0x080007b0   0x00000030   Code   RO         4017    .text               mf_w.l(dfixul.o)
    0x080007e0   0x080007e0   0x00000030   Code   RO         4019    .text               mf_w.l(cdrcmple.o)
    0x08000810   0x08000810   0x00000024   Code   RO         4021    .text               mc_w.l(init.o)
    0x08000834   0x08000834   0x0000001e   Code   RO         4023    .text               mc_w.l(llshl.o)
    0x08000852   0x08000852   0x00000024   Code   RO         4025    .text               mc_w.l(llsshr.o)
    0x08000876   0x08000876   0x000000ba   Code   RO         4027    .text               mf_w.l(depilogue.o)
    0x08000930   0x08000930   0x00000004   Code   RO          393    i.BusFault_Handler  stm32f1xx_it.o
    0x08000934   0x08000934   0x00000010   Code   RO          394    i.DMA1_Channel6_IRQHandler  stm32f1xx_it.o
    0x08000944   0x08000944   0x00000010   Code   RO          395    i.DMA1_Channel7_IRQHandler  stm32f1xx_it.o
    0x08000954   0x08000954   0x0000002c   Code   RO         1439    i.DMA_SetConfig     stm32f1xx_hal_dma.o
    0x08000980   0x08000980   0x00000002   Code   RO          396    i.DebugMon_Handler  stm32f1xx_it.o
    0x08000982   0x08000982   0x00000006   Code   RO           13    i.Error_Handler     main.o
    0x08000988   0x08000988   0x00000056   Code   RO         1440    i.HAL_DMA_Abort     stm32f1xx_hal_dma.o
    0x080009de   0x080009de   0x00000002   PAD
    0x080009e0   0x080009e0   0x000000b0   Code   RO         1441    i.HAL_DMA_Abort_IT  stm32f1xx_hal_dma.o
    0x08000a90   0x08000a90   0x0000019c   Code   RO         1445    i.HAL_DMA_IRQHandler  stm32f1xx_hal_dma.o
    0x08000c2c   0x08000c2c   0x00000068   Code   RO         1446    i.HAL_DMA_Init      stm32f1xx_hal_dma.o
    0x08000c94   0x08000c94   0x0000009c   Code   RO         1450    i.HAL_DMA_Start_IT  stm32f1xx_hal_dma.o
    0x08000d30   0x08000d30   0x00000028   Code   RO         1061    i.HAL_Delay         stm32f1xx_hal.o
    0x08000d58   0x08000d58   0x00000320   Code   RO         1376    i.HAL_GPIO_Init     stm32f1xx_hal_gpio.o
    0x08001078   0x08001078   0x0000000c   Code   RO         1380    i.HAL_GPIO_WritePin  stm32f1xx_hal_gpio.o
    0x08001084   0x08001084   0x0000000c   Code   RO         1065    i.HAL_GetTick       stm32f1xx_hal.o
    0x08001090   0x08001090   0x000001d0   Code   RO          588    i.HAL_I2C_Init      stm32f1xx_hal_i2c.o
    0x08001260   0x08001260   0x00000164   Code   RO          609    i.HAL_I2C_Mem_Write  stm32f1xx_hal_i2c.o
    0x080013c4   0x080013c4   0x00000074   Code   RO          229    i.HAL_I2C_MspInit   i2c.o
    0x08001438   0x08001438   0x00000018   Code   RO         1071    i.HAL_IncTick       stm32f1xx_hal.o
    0x08001450   0x08001450   0x00000028   Code   RO         1072    i.HAL_Init          stm32f1xx_hal.o
    0x08001478   0x08001478   0x0000004c   Code   RO         1073    i.HAL_InitTick      stm32f1xx_hal.o
    0x080014c4   0x080014c4   0x00000040   Code   RO          517    i.HAL_MspInit       stm32f1xx_hal_msp.o
    0x08001504   0x08001504   0x00000020   Code   RO         1536    i.HAL_NVIC_EnableIRQ  stm32f1xx_hal_cortex.o
    0x08001524   0x08001524   0x0000007c   Code   RO         1542    i.HAL_NVIC_SetPriority  stm32f1xx_hal_cortex.o
    0x080015a0   0x080015a0   0x00000028   Code   RO         1543    i.HAL_NVIC_SetPriorityGrouping  stm32f1xx_hal_cortex.o
    0x080015c8   0x080015c8   0x0000018c   Code   RO         1229    i.HAL_RCC_ClockConfig  stm32f1xx_hal_rcc.o
    0x08001754   0x08001754   0x0000000c   Code   RO         1234    i.HAL_RCC_GetHCLKFreq  stm32f1xx_hal_rcc.o
    0x08001760   0x08001760   0x00000020   Code   RO         1236    i.HAL_RCC_GetPCLK1Freq  stm32f1xx_hal_rcc.o
    0x08001780   0x08001780   0x00000020   Code   RO         1237    i.HAL_RCC_GetPCLK2Freq  stm32f1xx_hal_rcc.o
    0x080017a0   0x080017a0   0x00000070   Code   RO         1238    i.HAL_RCC_GetSysClockFreq  stm32f1xx_hal_rcc.o
    0x08001810   0x08001810   0x00000464   Code   RO         1241    i.HAL_RCC_OscConfig  stm32f1xx_hal_rcc.o
    0x08001c74   0x08001c74   0x00000034   Code   RO         1547    i.HAL_SYSTICK_Config  stm32f1xx_hal_cortex.o
    0x08001ca8   0x08001ca8   0x00000002   Code   RO         2779    i.HAL_TIMEx_BreakCallback  stm32f1xx_hal_tim_ex.o
    0x08001caa   0x08001caa   0x00000002   Code   RO         2780    i.HAL_TIMEx_CommutCallback  stm32f1xx_hal_tim_ex.o
    0x08001cac   0x08001cac   0x00000074   Code   RO         2782    i.HAL_TIMEx_ConfigBreakDeadTime  stm32f1xx_hal_tim_ex.o
    0x08001d20   0x08001d20   0x00000084   Code   RO         2798    i.HAL_TIMEx_MasterConfigSynchronization  stm32f1xx_hal_tim_ex.o
    0x08001da4   0x08001da4   0x00000066   Code   RO         2064    i.HAL_TIM_Base_Init  stm32f1xx_hal_tim.o
    0x08001e0a   0x08001e0a   0x00000002   PAD
    0x08001e0c   0x08001e0c   0x00000078   Code   RO          271    i.HAL_TIM_Base_MspInit  tim.o
    0x08001e84   0x08001e84   0x00000078   Code   RO         2069    i.HAL_TIM_Base_Start_IT  stm32f1xx_hal_tim.o
    0x08001efc   0x08001efc   0x0000010c   Code   RO         2073    i.HAL_TIM_ConfigClockSource  stm32f1xx_hal_tim.o
    0x08002008   0x08002008   0x000000c4   Code   RO         2085    i.HAL_TIM_Encoder_Init  stm32f1xx_hal_tim.o
    0x080020cc   0x080020cc   0x00000084   Code   RO          273    i.HAL_TIM_Encoder_MspInit  tim.o
    0x08002150   0x08002150   0x000000cc   Code   RO         2088    i.HAL_TIM_Encoder_Start  stm32f1xx_hal_tim.o
    0x0800221c   0x0800221c   0x00000002   Code   RO         2098    i.HAL_TIM_IC_CaptureCallback  stm32f1xx_hal_tim.o
    0x0800221e   0x0800221e   0x00000196   Code   RO         2112    i.HAL_TIM_IRQHandler  stm32f1xx_hal_tim.o
    0x080023b4   0x080023b4   0x00000058   Code   RO          274    i.HAL_TIM_MspPostInit  tim.o
    0x0800240c   0x0800240c   0x00000002   Code   RO         2115    i.HAL_TIM_OC_DelayElapsedCallback  stm32f1xx_hal_tim.o
    0x0800240e   0x0800240e   0x00000104   Code   RO         2136    i.HAL_TIM_PWM_ConfigChannel  stm32f1xx_hal_tim.o
    0x08002512   0x08002512   0x00000066   Code   RO         2139    i.HAL_TIM_PWM_Init  stm32f1xx_hal_tim.o
    0x08002578   0x08002578   0x00000002   Code   RO         2141    i.HAL_TIM_PWM_MspInit  stm32f1xx_hal_tim.o
    0x0800257a   0x0800257a   0x00000002   Code   RO         2142    i.HAL_TIM_PWM_PulseFinishedCallback  stm32f1xx_hal_tim.o
    0x0800257c   0x0800257c   0x000000d4   Code   RO         2144    i.HAL_TIM_PWM_Start  stm32f1xx_hal_tim.o
    0x08002650   0x08002650   0x00000100   Code   RO          397    i.HAL_TIM_PeriodElapsedCallback  stm32f1xx_it.o
    0x08002750   0x08002750   0x00000002   Code   RO         2155    i.HAL_TIM_TriggerCallback  stm32f1xx_hal_tim.o
    0x08002752   0x08002752   0x00000072   Code   RO         3056    i.HAL_UARTEx_ReceiveToIdle_DMA  stm32f1xx_hal_uart.o
    0x080027c4   0x080027c4   0x00000140   Code   RO          398    i.HAL_UARTEx_RxEventCallback  stm32f1xx_it.o
    0x08002904   0x08002904   0x00000002   Code   RO         3072    i.HAL_UART_ErrorCallback  stm32f1xx_hal_uart.o
    0x08002906   0x08002906   0x00000002   PAD
    0x08002908   0x08002908   0x000002e4   Code   RO         3075    i.HAL_UART_IRQHandler  stm32f1xx_hal_uart.o
    0x08002bec   0x08002bec   0x00000076   Code   RO         3076    i.HAL_UART_Init     stm32f1xx_hal_uart.o
    0x08002c62   0x08002c62   0x00000002   PAD
    0x08002c64   0x08002c64   0x00000108   Code   RO          343    i.HAL_UART_MspInit  usart.o
    0x08002d6c   0x08002d6c   0x00000002   Code   RO         3082    i.HAL_UART_RxCpltCallback  stm32f1xx_hal_uart.o
    0x08002d6e   0x08002d6e   0x00000002   Code   RO         3083    i.HAL_UART_RxHalfCpltCallback  stm32f1xx_hal_uart.o
    0x08002d70   0x08002d70   0x000000b2   Code   RO         3084    i.HAL_UART_Transmit  stm32f1xx_hal_uart.o
    0x08002e22   0x08002e22   0x00000002   Code   RO         3087    i.HAL_UART_TxCpltCallback  stm32f1xx_hal_uart.o
    0x08002e24   0x08002e24   0x00000004   Code   RO          399    i.HardFault_Handler  stm32f1xx_it.o
    0x08002e28   0x08002e28   0x0000003e   Code   RO          632    i.I2C_IsAcknowledgeFailed  stm32f1xx_hal_i2c.o
    0x08002e66   0x08002e66   0x00000002   PAD
    0x08002e68   0x08002e68   0x000000e0   Code   RO          644    i.I2C_RequestMemoryWrite  stm32f1xx_hal_i2c.o
    0x08002f48   0x08002f48   0x00000066   Code   RO          652    i.I2C_WaitOnBTFFlagUntilTimeout  stm32f1xx_hal_i2c.o
    0x08002fae   0x08002fae   0x000000be   Code   RO          653    i.I2C_WaitOnFlagUntilTimeout  stm32f1xx_hal_i2c.o
    0x0800306c   0x0800306c   0x000000fa   Code   RO          654    i.I2C_WaitOnMasterAddressFlagUntilTimeout  stm32f1xx_hal_i2c.o
    0x08003166   0x08003166   0x00000066   Code   RO          658    i.I2C_WaitOnTXEFlagUntilTimeout  stm32f1xx_hal_i2c.o
    0x080031cc   0x080031cc   0x00000024   Code   RO         3529    i.MOtor_SetState    tb6612.o
    0x080031f0   0x080031f0   0x00000044   Code   RO          204    i.MX_DMA_Init       dma.o
    0x08003234   0x08003234   0x000000d8   Code   RO          176    i.MX_GPIO_Init      gpio.o
    0x0800330c   0x0800330c   0x0000003c   Code   RO          230    i.MX_I2C1_Init      i2c.o
    0x08003348   0x08003348   0x000000d8   Code   RO          275    i.MX_TIM1_Init      tim.o
    0x08003420   0x08003420   0x00000070   Code   RO          276    i.MX_TIM2_Init      tim.o
    0x08003490   0x08003490   0x0000007c   Code   RO          277    i.MX_TIM3_Init      tim.o
    0x0800350c   0x0800350c   0x00000058   Code   RO          344    i.MX_USART2_UART_Init  usart.o
    0x08003564   0x08003564   0x00000004   Code   RO          400    i.MemManage_Handler  stm32f1xx_it.o
    0x08003568   0x08003568   0x00000050   Code   RO         3530    i.Motor_Init        tb6612.o
    0x080035b8   0x080035b8   0x00000038   Code   RO         3531    i.Motor_SetDir      tb6612.o
    0x080035f0   0x080035f0   0x00000054   Code   RO         3532    i.Motor_Setspeed    tb6612.o
    0x08003644   0x08003644   0x00000004   Code   RO          401    i.NMI_Handler       stm32f1xx_it.o
    0x08003648   0x08003648   0x000000f4   Code   RO         3456    i.OLED_Display      oled.o
    0x0800373c   0x0800373c   0x000000a8   Code   RO         3458    i.OLED_Display_Clear  oled.o
    0x080037e4   0x080037e4   0x0000004a   Code   RO         3459    i.OLED_Display_Num  oled.o
    0x0800382e   0x0800382e   0x00000002   PAD
    0x08003830   0x08003830   0x0000002c   Code   RO         3460    i.OLED_Display_Off  oled.o
    0x0800385c   0x0800385c   0x0000004c   Code   RO         3461    i.OLED_Display_On   oled.o
    0x080038a8   0x080038a8   0x00000014   Code   RO         3463    i.OLED_Init         oled.o
    0x080038bc   0x080038bc   0x00000018   Code   RO         3608    i.PID1_Init         pid.o
    0x080038d4   0x080038d4   0x00000114   Code   RO         3609    i.PID21_Contrl      pid.o
    0x080039e8   0x080039e8   0x00000012   Code   RO         3611    i.PID2_Init         pid.o
    0x080039fa   0x080039fa   0x00000002   Code   RO          402    i.PendSV_Handler    stm32f1xx_it.o
    0x080039fc   0x080039fc   0x00000028   Code   RO         1242    i.RCC_Delay         stm32f1xx_hal_rcc.o
    0x08003a24   0x08003a24   0x00000002   Code   RO          403    i.SVC_Handler       stm32f1xx_it.o
    0x08003a26   0x08003a26   0x00000008   Code   RO          404    i.SysTick_Handler   stm32f1xx_it.o
    0x08003a2e   0x08003a2e   0x00000066   Code   RO           14    i.SystemClock_Config  main.o
    0x08003a94   0x08003a94   0x00000002   Code   RO         3420    i.SystemInit        system_stm32f1xx.o
    0x08003a96   0x08003a96   0x00000002   PAD
    0x08003a98   0x08003a98   0x00000010   Code   RO          405    i.TIM1_UP_IRQHandler  stm32f1xx_it.o
    0x08003aa8   0x08003aa8   0x00000010   Code   RO          406    i.TIM2_IRQHandler   stm32f1xx_it.o
    0x08003ab8   0x08003ab8   0x00000010   Code   RO          407    i.TIM3_IRQHandler   stm32f1xx_it.o
    0x08003ac8   0x08003ac8   0x00000074   Code   RO         2157    i.TIM_Base_SetConfig  stm32f1xx_hal_tim.o
    0x08003b3c   0x08003b3c   0x00000022   Code   RO         2158    i.TIM_CCxChannelCmd  stm32f1xx_hal_tim.o
    0x08003b5e   0x08003b5e   0x00000016   Code   RO         2168    i.TIM_ETR_SetConfig  stm32f1xx_hal_tim.o
    0x08003b74   0x08003b74   0x00000012   Code   RO         2169    i.TIM_ITRx_SetConfig  stm32f1xx_hal_tim.o
    0x08003b86   0x08003b86   0x00000002   PAD
    0x08003b88   0x08003b88   0x00000060   Code   RO         2170    i.TIM_OC1_SetConfig  stm32f1xx_hal_tim.o
    0x08003be8   0x08003be8   0x00000068   Code   RO         2171    i.TIM_OC2_SetConfig  stm32f1xx_hal_tim.o
    0x08003c50   0x08003c50   0x00000068   Code   RO         2172    i.TIM_OC3_SetConfig  stm32f1xx_hal_tim.o
    0x08003cb8   0x08003cb8   0x00000048   Code   RO         2173    i.TIM_OC4_SetConfig  stm32f1xx_hal_tim.o
    0x08003d00   0x08003d00   0x00000026   Code   RO         2175    i.TIM_TI1_ConfigInputStage  stm32f1xx_hal_tim.o
    0x08003d26   0x08003d26   0x00000028   Code   RO         2177    i.TIM_TI2_ConfigInputStage  stm32f1xx_hal_tim.o
    0x08003d4e   0x08003d4e   0x00000014   Code   RO         3089    i.UART_DMAAbortOnError  stm32f1xx_hal_uart.o
    0x08003d62   0x08003d62   0x00000050   Code   RO         3090    i.UART_DMAError     stm32f1xx_hal_uart.o
    0x08003db2   0x08003db2   0x000000b4   Code   RO         3091    i.UART_DMAReceiveCplt  stm32f1xx_hal_uart.o
    0x08003e66   0x08003e66   0x00000024   Code   RO         3093    i.UART_DMARxHalfCplt  stm32f1xx_hal_uart.o
    0x08003e8a   0x08003e8a   0x0000006c   Code   RO         3099    i.UART_EndRxTransfer  stm32f1xx_hal_uart.o
    0x08003ef6   0x08003ef6   0x00000020   Code   RO         3100    i.UART_EndTransmit_IT  stm32f1xx_hal_uart.o
    0x08003f16   0x08003f16   0x00000026   Code   RO         3101    i.UART_EndTxTransfer  stm32f1xx_hal_uart.o
    0x08003f3c   0x08003f3c   0x000000fc   Code   RO         3102    i.UART_Receive_IT   stm32f1xx_hal_uart.o
    0x08004038   0x08004038   0x000000fc   Code   RO         3103    i.UART_SetConfig    stm32f1xx_hal_uart.o
    0x08004134   0x08004134   0x000000c8   Code   RO         3104    i.UART_Start_Receive_DMA  stm32f1xx_hal_uart.o
    0x080041fc   0x080041fc   0x00000060   Code   RO         3106    i.UART_Transmit_IT  stm32f1xx_hal_uart.o
    0x0800425c   0x0800425c   0x00000092   Code   RO         3107    i.UART_WaitOnFlagUntilTimeout  stm32f1xx_hal_uart.o
    0x080042ee   0x080042ee   0x00000002   PAD
    0x080042f0   0x080042f0   0x00000010   Code   RO          408    i.USART2_IRQHandler  stm32f1xx_it.o
    0x08004300   0x08004300   0x00000004   Code   RO          409    i.UsageFault_Handler  stm32f1xx_it.o
    0x08004304   0x08004304   0x00000020   Code   RO         3945    i.__0printf         mc_w.l(printfa.o)
    0x08004324   0x08004324   0x00000010   Code   RO         1549    i.__NVIC_GetPriorityGrouping  stm32f1xx_hal_cortex.o
    0x08004334   0x08004334   0x00000028   Code   RO         1550    i.__NVIC_SetPriority  stm32f1xx_hal_cortex.o
    0x0800435c   0x0800435c   0x0000000e   Code   RO         4031    i.__scatterload_copy  mc_w.l(handlers.o)
    0x0800436a   0x0800436a   0x00000002   Code   RO         4032    i.__scatterload_null  mc_w.l(handlers.o)
    0x0800436c   0x0800436c   0x0000000e   Code   RO         4033    i.__scatterload_zeroinit  mc_w.l(handlers.o)
    0x0800437a   0x0800437a   0x00000002   PAD
    0x0800437c   0x0800437c   0x00000184   Code   RO         3952    i._fp_digits        mc_w.l(printfa.o)
    0x08004500   0x08004500   0x000006dc   Code   RO         3953    i._printf_core      mc_w.l(printfa.o)
    0x08004bdc   0x08004bdc   0x00000024   Code   RO         3954    i._printf_post_padding  mc_w.l(printfa.o)
    0x08004c00   0x08004c00   0x0000002e   Code   RO         3955    i._printf_pre_padding  mc_w.l(printfa.o)
    0x08004c2e   0x08004c2e   0x00000002   PAD
    0x08004c30   0x08004c30   0x0000001c   Code   RO          345    i.fputc             usart.o
    0x08004c4c   0x08004c4c   0x000000d8   Code   RO           15    i.main              main.o
    0x08004d24   0x08004d24   0x00000012   Data   RO         1243    .constdata          stm32f1xx_hal_rcc.o
    0x08004d36   0x08004d36   0x00000018   Data   RO         3421    .constdata          system_stm32f1xx.o
    0x08004d4e   0x08004d4e   0x00000600   Data   RO         3583    .constdata          ascii_8x16.o
    0x0800534e   0x0800534e   0x00000002   PAD
    0x08005350   0x08005350   0x00000020   Data   RO         4029    Region$$Table       anon$$obj.o


    Execution Region RW_IRAM1 (Exec base: 0x20000000, Load base: 0x08005370, Size: 0x00000698, Max: 0x00005000, ABSOLUTE)

    Exec Addr    Load Addr    Size         Type   Attr      Idx    E Section Name        Object

    0x20000000   0x08005370   0x00000009   Data   RW         1079    .data               stm32f1xx_hal.o
    0x20000009   0x08005379   0x00000003   PAD
    0x2000000c   0x0800537c   0x00000004   Data   RW         3422    .data               system_stm32f1xx.o
    0x20000010   0x08005380   0x00000004   Data   RW         4003    .data               mc_w.l(stdout.o)
    0x20000014        -       0x00000010   Zero   RW           16    .bss                main.o
    0x20000024        -       0x00000054   Zero   RW          231    .bss                i2c.o
    0x20000078        -       0x000000d8   Zero   RW          278    .bss                tim.o
    0x20000150        -       0x000000d0   Zero   RW          346    .bss                usart.o
    0x20000220        -       0x00000038   Zero   RW         3534    .bss                tb6612.o
    0x20000258        -       0x00000040   Zero   RW         3612    .bss                pid.o
    0x20000298        -       0x00000400   Zero   RW            1    STACK               startup_stm32f103xb.o


==============================================================================

Image component sizes


      Code (inc. data)   RO Data    RW Data    ZI Data      Debug   Object Name

         0          0       1536          0          0        497   ascii_8x16.o
        68          4          0          0          0        710   dma.o
       216         12          0          0          0        923   gpio.o
       176         24          0          0         84       1525   i2c.o
       324         40          0          0         16     436737   main.o
       626         58          0          0          0       3280   oled.o
       318         16          0          0         64       3461   pid.o
        36          8        236          0       1024        784   startup_stm32f103xb.o
       192         36          0          9          0       5725   stm32f1xx_hal.o
       304         22          0          0          0      29271   stm32f1xx_hal_cortex.o
       978         12          0          0          0       4718   stm32f1xx_hal_dma.o
       812         34          0          0          0       2612   stm32f1xx_hal_gpio.o
      1750         30          0          0          0       7999   stm32f1xx_hal_i2c.o
        64          6          0          0          0        790   stm32f1xx_hal_msp.o
      1748         98         18          0          0       5804   stm32f1xx_hal_rcc.o
      2524         60          0          0          0      17083   stm32f1xx_hal_tim.o
       252         14          0          0          0       3113   stm32f1xx_hal_tim_ex.o
      2598         22          0          0          0      15137   stm32f1xx_hal_uart.o
       706        114          0          0          0       8300   stm32f1xx_it.o
         2          0         24          4          0       1059   system_stm32f1xx.o
       256         28          0          0         56       2959   tb6612.o
       792         60          0          0        216       4228   tim.o
       380         48          0          0        208       2368   usart.o

    ----------------------------------------------------------------------
     15140        746       1848         16       1668     559083   Object Totals
         0          0         32          0          0          0   (incl. Generated)
        18          0          2          3          0          0   (incl. Padding)

    ----------------------------------------------------------------------

      Code (inc. data)   RO Data    RW Data    ZI Data      Debug   Library Member Name

         0          0          0          0          0          0   entry.o
         0          0          0          0          0          0   entry10a.o
         0          0          0          0          0          0   entry11a.o
         8          4          0          0          0          0   entry2.o
         4          0          0          0          0          0   entry5.o
         0          0          0          0          0          0   entry7b.o
         0          0          0          0          0          0   entry8b.o
         8          4          0          0          0          0   entry9a.o
        30          0          0          0          0          0   handlers.o
        36          8          0          0          0         68   init.o
         0          0          0          0          0          0   iusefp.o
        30          0          0          0          0         68   llshl.o
        36          0          0          0          0         68   llsshr.o
        32          0          0          0          0         68   llushr.o
        36          0          0          0          0         68   memcpya.o
        36          0          0          0          0        108   memseta.o
      2258         90          0          0          0        452   printfa.o
         0          0          0          4          0          0   stdout.o
        44          0          0          0          0         80   uidiv.o
        98          0          0          0          0         92   uldiv.o
        48          0          0          0          0         68   cdrcmple.o
        20          0          0          0          0         68   cfcmple.o
        20          0          0          0          0         68   cfrcmple.o
       334          0          0          0          0        148   dadd.o
       222          0          0          0          0        100   ddiv.o
       186          0          0          0          0        176   depilogue.o
        48          0          0          0          0         68   dfixul.o
       228          0          0          0          0         96   dmul.o
        38          0          0          0          0         68   f2d.o
       176          0          0          0          0        140   fadd.o
       124          0          0          0          0         88   fdiv.o
       110          0          0          0          0        168   fepilogue.o
        40          0          0          0          0         68   ffixui.o
        18          0          0          0          0         68   fflti.o
       100          0          0          0          0         76   fmul.o

    ----------------------------------------------------------------------
      4372        106          0          4          0       2540   Library Totals
         4          0          0          0          0          0   (incl. Padding)

    ----------------------------------------------------------------------

      Code (inc. data)   RO Data    RW Data    ZI Data      Debug   Library Name

      2656        106          0          4          0       1072   mc_w.l
      1712          0          0          0          0       1468   mf_w.l

    ----------------------------------------------------------------------
      4372        106          0          4          0       2540   Library Totals

    ----------------------------------------------------------------------

==============================================================================


      Code (inc. data)   RO Data    RW Data    ZI Data      Debug   

     19512        852       1848         20       1668     553923   Grand Totals
     19512        852       1848         20       1668     553923   ELF Image Totals
     19512        852       1848         20          0          0   ROM Totals

==============================================================================

    Total RO  Size (Code + RO Data)                21360 (  20.86kB)
    Total RW  Size (RW Data + ZI Data)              1688 (   1.65kB)
    Total ROM Size (Code + RO Data + RW Data)      21380 (  20.88kB)

==============================================================================

